C:/Users/manue/STM32Cube/Repository/STM32Cube_FW_H7_V1.11.1/Projects/STM32H747I-DISCO/Examples/LCD_DSI/LCD_DSI_CmdMode_DoubleBuffer/CM7/Src/main.c:120:5:main	32	static
C:/Users/manue/STM32Cube/Repository/STM32Cube_FW_H7_V1.11.1/Projects/STM32H747I-DISCO/Examples/LCD_DSI/LCD_DSI_CmdMode_DoubleBuffer/CM7/Src/main.c:228:9:LCD_GetXSize	16	static
C:/Users/manue/STM32Cube/Repository/STM32Cube_FW_H7_V1.11.1/Projects/STM32H747I-DISCO/Examples/LCD_DSI/LCD_DSI_CmdMode_DoubleBuffer/CM7/Src/main.c:241:9:LCD_GetYSize	16	static
C:/Users/manue/STM32Cube/Repository/STM32Cube_FW_H7_V1.11.1/Projects/STM32H747I-DISCO/Examples/LCD_DSI/LCD_DSI_CmdMode_DoubleBuffer/CM7/Src/main.c:253:6:HAL_DSI_EndOfRefreshCallback	24	static
C:/Users/manue/STM32Cube/Repository/STM32Cube_FW_H7_V1.11.1/Projects/STM32H747I-DISCO/Examples/LCD_DSI/LCD_DSI_CmdMode_DoubleBuffer/CM7/Src/main.c:280:16:LCD_Init	48	static
C:/Users/manue/STM32Cube/Repository/STM32Cube_FW_H7_V1.11.1/Projects/STM32H747I-DISCO/Examples/LCD_DSI/LCD_DSI_CmdMode_DoubleBuffer/CM7/Src/main.c:408:6:LTDC_Init	8	static
C:/Users/manue/STM32Cube/Repository/STM32Cube_FW_H7_V1.11.1/Projects/STM32H747I-DISCO/Examples/LCD_DSI/LCD_DSI_CmdMode_DoubleBuffer/CM7/Src/main.c:446:13:LCD_LayertInit	72	static
C:/Users/manue/STM32Cube/Repository/STM32Cube_FW_H7_V1.11.1/Projects/STM32H747I-DISCO/Examples/LCD_DSI/LCD_DSI_CmdMode_DoubleBuffer/CM7/Src/main.c:478:16:DSI_IO_Write	40	static
C:/Users/manue/STM32Cube/Repository/STM32Cube_FW_H7_V1.11.1/Projects/STM32H747I-DISCO/Examples/LCD_DSI/LCD_DSI_CmdMode_DoubleBuffer/CM7/Src/main.c:508:16:DSI_IO_Read	48	static
C:/Users/manue/STM32Cube/Repository/STM32Cube_FW_H7_V1.11.1/Projects/STM32H747I-DISCO/Examples/LCD_DSI/LCD_DSI_CmdMode_DoubleBuffer/CM7/Src/main.c:520:6:LCD_MspInit	24	static
C:/Users/manue/STM32Cube/Repository/STM32Cube_FW_H7_V1.11.1/Projects/STM32H747I-DISCO/Examples/LCD_DSI/LCD_DSI_CmdMode_DoubleBuffer/CM7/Src/main.c:561:13:LCD_BriefDisplay	16	static
C:/Users/manue/STM32Cube/Repository/STM32Cube_FW_H7_V1.11.1/Projects/STM32H747I-DISCO/Examples/LCD_DSI/LCD_DSI_CmdMode_DoubleBuffer/CM7/Src/main.c:583:13:CopyBuffer	40	static
C:/Users/manue/STM32Cube/Repository/STM32Cube_FW_H7_V1.11.1/Projects/STM32H747I-DISCO/Examples/LCD_DSI/LCD_DSI_CmdMode_DoubleBuffer/CM7/Src/main.c:645:13:SystemClock_Config	128	static
C:/Users/manue/STM32Cube/Repository/STM32Cube_FW_H7_V1.11.1/Projects/STM32H747I-DISCO/Examples/LCD_DSI/LCD_DSI_CmdMode_DoubleBuffer/CM7/Src/main.c:725:13:CPU_CACHE_Enable	24	static,ignoring_inline_asm
C:/Users/manue/STM32Cube/Repository/STM32Cube_FW_H7_V1.11.1/Projects/STM32H747I-DISCO/Examples/LCD_DSI/LCD_DSI_CmdMode_DoubleBuffer/CM7/Src/main.c:741:13:MPU_Config	24	static
C:/Users/manue/STM32Cube/Repository/STM32Cube_FW_H7_V1.11.1/Projects/STM32H747I-DISCO/Examples/LCD_DSI/LCD_DSI_CmdMode_DoubleBuffer/CM7/Src/main.c:786:13:Error_Handler	8	static
