Archive member included to satisfy reference by file (symbol)

C:/ST/STM32CubeIDE_1.14.0/STM32CubeIDE/plugins/com.st.stm32cube.ide.mcu.externaltools.gnu-tools-for-stm32.11.3.rel1.win32_1.1.100.202309141235/tools/bin/../lib/gcc/arm-none-eabi/11.3.1/../../../../arm-none-eabi/lib/thumb/v7e-m+dp/hard\libc_nano.a(libc_a-exit.o)
                              C:/ST/STM32CubeIDE_1.14.0/STM32CubeIDE/plugins/com.st.stm32cube.ide.mcu.externaltools.gnu-tools-for-stm32.11.3.rel1.win32_1.1.100.202309141235/tools/bin/../lib/gcc/arm-none-eabi/11.3.1/../../../../arm-none-eabi/lib/thumb/v7e-m+dp/hard/crt0.o (exit)
C:/ST/STM32CubeIDE_1.14.0/STM32CubeIDE/plugins/com.st.stm32cube.ide.mcu.externaltools.gnu-tools-for-stm32.11.3.rel1.win32_1.1.100.202309141235/tools/bin/../lib/gcc/arm-none-eabi/11.3.1/../../../../arm-none-eabi/lib/thumb/v7e-m+dp/hard\libc_nano.a(libc_a-findfp.o)
                              C:/ST/STM32CubeIDE_1.14.0/STM32CubeIDE/plugins/com.st.stm32cube.ide.mcu.externaltools.gnu-tools-for-stm32.11.3.rel1.win32_1.1.100.202309141235/tools/bin/../lib/gcc/arm-none-eabi/11.3.1/../../../../arm-none-eabi/lib/thumb/v7e-m+dp/hard\libc_nano.a(libc_a-exit.o) (__stdio_exit_handler)
C:/ST/STM32CubeIDE_1.14.0/STM32CubeIDE/plugins/com.st.stm32cube.ide.mcu.externaltools.gnu-tools-for-stm32.11.3.rel1.win32_1.1.100.202309141235/tools/bin/../lib/gcc/arm-none-eabi/11.3.1/../../../../arm-none-eabi/lib/thumb/v7e-m+dp/hard\libc_nano.a(libc_a-fwalk.o)
                              C:/ST/STM32CubeIDE_1.14.0/STM32CubeIDE/plugins/com.st.stm32cube.ide.mcu.externaltools.gnu-tools-for-stm32.11.3.rel1.win32_1.1.100.202309141235/tools/bin/../lib/gcc/arm-none-eabi/11.3.1/../../../../arm-none-eabi/lib/thumb/v7e-m+dp/hard\libc_nano.a(libc_a-findfp.o) (_fwalk_sglue)
C:/ST/STM32CubeIDE_1.14.0/STM32CubeIDE/plugins/com.st.stm32cube.ide.mcu.externaltools.gnu-tools-for-stm32.11.3.rel1.win32_1.1.100.202309141235/tools/bin/../lib/gcc/arm-none-eabi/11.3.1/../../../../arm-none-eabi/lib/thumb/v7e-m+dp/hard\libc_nano.a(libc_a-stdio.o)
                              C:/ST/STM32CubeIDE_1.14.0/STM32CubeIDE/plugins/com.st.stm32cube.ide.mcu.externaltools.gnu-tools-for-stm32.11.3.rel1.win32_1.1.100.202309141235/tools/bin/../lib/gcc/arm-none-eabi/11.3.1/../../../../arm-none-eabi/lib/thumb/v7e-m+dp/hard\libc_nano.a(libc_a-findfp.o) (__sread)
C:/ST/STM32CubeIDE_1.14.0/STM32CubeIDE/plugins/com.st.stm32cube.ide.mcu.externaltools.gnu-tools-for-stm32.11.3.rel1.win32_1.1.100.202309141235/tools/bin/../lib/gcc/arm-none-eabi/11.3.1/../../../../arm-none-eabi/lib/thumb/v7e-m+dp/hard\libc_nano.a(libc_a-memset.o)
                              C:/ST/STM32CubeIDE_1.14.0/STM32CubeIDE/plugins/com.st.stm32cube.ide.mcu.externaltools.gnu-tools-for-stm32.11.3.rel1.win32_1.1.100.202309141235/tools/bin/../lib/gcc/arm-none-eabi/11.3.1/../../../../arm-none-eabi/lib/thumb/v7e-m+dp/hard/crt0.o (memset)
C:/ST/STM32CubeIDE_1.14.0/STM32CubeIDE/plugins/com.st.stm32cube.ide.mcu.externaltools.gnu-tools-for-stm32.11.3.rel1.win32_1.1.100.202309141235/tools/bin/../lib/gcc/arm-none-eabi/11.3.1/../../../../arm-none-eabi/lib/thumb/v7e-m+dp/hard\libc_nano.a(libc_a-closer.o)
                              C:/ST/STM32CubeIDE_1.14.0/STM32CubeIDE/plugins/com.st.stm32cube.ide.mcu.externaltools.gnu-tools-for-stm32.11.3.rel1.win32_1.1.100.202309141235/tools/bin/../lib/gcc/arm-none-eabi/11.3.1/../../../../arm-none-eabi/lib/thumb/v7e-m+dp/hard\libc_nano.a(libc_a-stdio.o) (_close_r)
C:/ST/STM32CubeIDE_1.14.0/STM32CubeIDE/plugins/com.st.stm32cube.ide.mcu.externaltools.gnu-tools-for-stm32.11.3.rel1.win32_1.1.100.202309141235/tools/bin/../lib/gcc/arm-none-eabi/11.3.1/../../../../arm-none-eabi/lib/thumb/v7e-m+dp/hard\libc_nano.a(libc_a-reent.o)
                              C:/ST/STM32CubeIDE_1.14.0/STM32CubeIDE/plugins/com.st.stm32cube.ide.mcu.externaltools.gnu-tools-for-stm32.11.3.rel1.win32_1.1.100.202309141235/tools/bin/../lib/gcc/arm-none-eabi/11.3.1/../../../../arm-none-eabi/lib/thumb/v7e-m+dp/hard\libc_nano.a(libc_a-closer.o) (errno)
C:/ST/STM32CubeIDE_1.14.0/STM32CubeIDE/plugins/com.st.stm32cube.ide.mcu.externaltools.gnu-tools-for-stm32.11.3.rel1.win32_1.1.100.202309141235/tools/bin/../lib/gcc/arm-none-eabi/11.3.1/../../../../arm-none-eabi/lib/thumb/v7e-m+dp/hard\libc_nano.a(libc_a-impure.o)
                              C:/ST/STM32CubeIDE_1.14.0/STM32CubeIDE/plugins/com.st.stm32cube.ide.mcu.externaltools.gnu-tools-for-stm32.11.3.rel1.win32_1.1.100.202309141235/tools/bin/../lib/gcc/arm-none-eabi/11.3.1/../../../../arm-none-eabi/lib/thumb/v7e-m+dp/hard\libc_nano.a(libc_a-reent.o) (_impure_ptr)
C:/ST/STM32CubeIDE_1.14.0/STM32CubeIDE/plugins/com.st.stm32cube.ide.mcu.externaltools.gnu-tools-for-stm32.11.3.rel1.win32_1.1.100.202309141235/tools/bin/../lib/gcc/arm-none-eabi/11.3.1/../../../../arm-none-eabi/lib/thumb/v7e-m+dp/hard\libc_nano.a(libc_a-lseekr.o)
[...]
Memory Configuration

Name             Origin             Length             Attributes
FLASH            0x0000000008000000 0x0000000000100000 xr
RAM              0x0000000020000000 0x0000000000020000 xrw
ITCMRAM          0x0000000000000000 0x0000000000010000 xrw
*default*        0x0000000000000000 0xffffffffffffffff

Linker script and memory map

LOAD C:/ST/STM32CubeIDE_1.14.0/STM32CubeIDE/plugins/com.st.stm32cube.ide.mcu.externaltools.gnu-tools-for-stm32.11.3.rel1.win32_1.1.100.202309141235/tools/bin/../lib/gcc/arm-none-eabi/11.3.1/thumb/v7e-m+dp/hard/crti.o
LOAD C:/ST/STM32CubeIDE_1.14.0/STM32CubeIDE/plugins/com.st.stm32cube.ide.mcu.externaltools.gnu-tools-for-stm32.11.3.rel1.win32_1.1.100.202309141235/tools/bin/../lib/gcc/arm-none-eabi/11.3.1/thumb/v7e-m+dp/hard/crtbegin.o
LOAD C:/ST/STM32CubeIDE_1.14.0/STM32CubeIDE/plugins/com.st.stm32cube.ide.mcu.externaltools.gnu-tools-for-stm32.11.3.rel1.win32_1.1.100.202309141235/tools/bin/../lib/gcc/arm-none-eabi/11.3.1/../../../../arm-none-eabi/lib/thumb/v7e-m+dp/hard/crt0.o
LOAD ./Drivers/BSP/Components/is42s32800j.o
LOAD ./Drivers/BSP/Components/nt35510.o
LOAD ./Drivers/BSP/Components/nt35510_reg.o
LOAD ./Drivers/BSP/Components/otm8009a.o
LOAD ./Drivers/BSP/Components/otm8009a_reg.o
LOAD ./Drivers/BSP/STM32H747I_DISCO/stm32h747i_discovery.o
LOAD ./Drivers/BSP/STM32H747I_DISCO/stm32h747i_discovery_bus.o
LOAD ./Drivers/BSP/STM32H747I_DISCO/stm32h747i_discovery_lcd.o
LOAD ./Drivers/BSP/STM32H747I_DISCO/stm32h747i_discovery_sdram.o
LOAD ./Drivers/CMSIS/system_stm32h7xx.o
LOAD ./Drivers/STM32H7xx_HAL_Driver/stm32h7xx_hal.o
LOAD ./Drivers/STM32H7xx_HAL_Driver/stm32h7xx_hal_adc.o
LOAD ./Drivers/STM32H7xx_HAL_Driver/stm32h7xx_hal_adc_ex.o
LOAD ./Drivers/STM32H7xx_HAL_Driver/stm32h7xx_hal_cortex.o
LOAD ./Drivers/STM32H7xx_HAL_Driver/stm32h7xx_hal_dma.o
LOAD ./Drivers/STM32H7xx_HAL_Driver/stm32h7xx_hal_dma2d.o
LOAD ./Drivers/STM32H7xx_HAL_Driver/stm32h7xx_hal_dma_ex.o
LOAD ./Drivers/STM32H7xx_HAL_Driver/stm32h7xx_hal_dsi.o
LOAD ./Drivers/STM32H7xx_HAL_Driver/stm32h7xx_hal_gpio.o
LOAD ./Drivers/STM32H7xx_HAL_Driver/stm32h7xx_hal_hsem.o
LOAD ./Drivers/STM32H7xx_HAL_Driver/stm32h7xx_hal_i2c.o
LOAD ./Drivers/STM32H7xx_HAL_Driver/stm32h7xx_hal_i2c_ex.o
LOAD ./Drivers/STM32H7xx_HAL_Driver/stm32h7xx_hal_ltdc.o
LOAD ./Drivers/STM32H7xx_HAL_Driver/stm32h7xx_hal_ltdc_ex.o
LOAD ./Drivers/STM32H7xx_HAL_Driver/stm32h7xx_hal_mdma.o
LOAD ./Drivers/STM32H7xx_HAL_Driver/stm32h7xx_hal_pwr.o
LOAD ./Drivers/STM32H7xx_HAL_Driver/stm32h7xx_hal_pwr_ex.o
LOAD ./Drivers/STM32H7xx_HAL_Driver/stm32h7xx_hal_rcc.o
LOAD ./Drivers/STM32H7xx_HAL_Driver/stm32h7xx_hal_rcc_ex.o
LOAD ./Drivers/STM32H7xx_HAL_Driver/stm32h7xx_hal_sdram.o
LOAD ./Drivers/STM32H7xx_HAL_Driver/stm32h7xx_hal_uart.o
LOAD ./Drivers/STM32H7xx_HAL_Driver/stm32h7xx_hal_uart_ex.o
LOAD ./Drivers/STM32H7xx_HAL_Driver/stm32h7xx_ll_fmc.o
LOAD ./Example/User/CM7/main.o
LOAD ./Example/User/CM7/stm32h7xx_hal_msp.o
LOAD ./Example/User/CM7/stm32h7xx_it.o
LOAD ./Example/User/CM7/syscalls.o
LOAD ./Example/User/CM7/sysmem.o
LOAD ./Example/User/Startup/startup_stm32h747xihx.o
LOAD ./Utilities/stm32_lcd.o
START GROUP
LOAD C:/ST/STM32CubeIDE_1.14.0/STM32CubeIDE/plugins/com.st.stm32cube.ide.mcu.externaltools.gnu-tools-for-stm32.11.3.rel1.win32_1.1.100.202309141235/tools/bin/../lib/gcc/arm-none-eabi/11.3.1/../../../../arm-none-eabi/lib/thumb/v7e-m+dp/hard\libc_nano.a
LOAD C:/ST/STM32CubeIDE_1.14.0/STM32CubeIDE/plugins/com.st.stm32cube.ide.mcu.externaltools.gnu-tools-for-stm32.11.3.rel1.win32_1.1.100.202309141235/tools/bin/../lib/gcc/arm-none-eabi/11.3.1/../../../../arm-none-eabi/lib/thumb/v7e-m+dp/hard\libm.a
END GROUP
START GROUP
LOAD C:/ST/STM32CubeIDE_1.14.0/STM32CubeIDE/plugins/com.st.stm32cube.ide.mcu.externaltools.gnu-tools-for-stm32.11.3.rel1.win32_1.1.100.202309141235/tools/bin/../lib/gcc/arm-none-eabi/11.3.1/thumb/v7e-m+dp/hard\libgcc.a
LOAD C:/ST/STM32CubeIDE_1.14.0/STM32CubeIDE/plugins/com.st.stm32cube.ide.mcu.externaltools.gnu-tools-for-stm32.11.3.rel1.win32_1.1.100.202309141235/tools/bin/../lib/gcc/arm-none-eabi/11.3.1/../../../../arm-none-eabi/lib/thumb/v7e-m+dp/hard\libc_nano.a
END GROUP
START GROUP
LOAD C:/ST/STM32CubeIDE_1.14.0/STM32CubeIDE/plugins/com.st.stm32cube.ide.mcu.externaltools.gnu-tools-for-stm32.11.3.rel1.win32_1.1.100.202309141235/tools/bin/../lib/gcc/arm-none-eabi/11.3.1/thumb/v7e-m+dp/hard\libgcc.a
LOAD C:/ST/STM32CubeIDE_1.14.0/STM32CubeIDE/plugins/com.st.stm32cube.ide.mcu.externaltools.gnu-tools-for-stm32.11.3.rel1.win32_1.1.100.202309141235/tools/bin/../lib/gcc/arm-none-eabi/11.3.1/../../../../arm-none-eabi/lib/thumb/v7e-m+dp/hard\libc_nano.a
LOAD C:/ST/STM32CubeIDE_1.14.0/STM32CubeIDE/plugins/com.st.stm32cube.ide.mcu.externaltools.gnu-tools-for-stm32.11.3.rel1.win32_1.1.100.202309141235/tools/bin/../lib/gcc/arm-none-eabi/11.3.1/../../../../arm-none-eabi/lib/thumb/v7e-m+dp/hard\libnosys.a
END GROUP
START GROUP
LOAD C:/ST/STM32CubeIDE_1.14.0/STM32CubeIDE/plugins/com.st.stm32cube.ide.mcu.externaltools.gnu-tools-for-stm32.11.3.rel1.win32_1.1.100.202309141235/tools/bin/../lib/gcc/arm-none-eabi/11.3.1/thumb/v7e-m+dp/hard\libgcc.a
LOAD C:/ST/STM32CubeIDE_1.14.0/STM32CubeIDE/plugins/com.st.stm32cube.ide.mcu.externaltools.gnu-tools-for-stm32.11.3.rel1.win32_1.1.100.202309141235/tools/bin/../lib/gcc/arm-none-eabi/11.3.1/../../../../arm-none-eabi/lib/thumb/v7e-m+dp/hard\libc_nano.a
LOAD C:/ST/STM32CubeIDE_1.14.0/STM32CubeIDE/plugins/com.st.stm32cube.ide.mcu.externaltools.gnu-tools-for-stm32.11.3.rel1.win32_1.1.100.202309141235/tools/bin/../lib/gcc/arm-none-eabi/11.3.1/../../../../arm-none-eabi/lib/thumb/v7e-m+dp/hard\libnosys.a
END GROUP
LOAD C:/ST/STM32CubeIDE_1.14.0/STM32CubeIDE/plugins/com.st.stm32cube.ide.mcu.externaltools.gnu-tools-for-stm32.11.3.rel1.win32_1.1.100.202309141235/tools/bin/../lib/gcc/arm-none-eabi/11.3.1/thumb/v7e-m+dp/hard/crtend.o
LOAD C:/ST/STM32CubeIDE_1.14.0/STM32CubeIDE/plugins/com.st.stm32cube.ide.mcu.externaltools.gnu-tools-for-stm32.11.3.rel1.win32_1.1.100.202309141235/tools/bin/../lib/gcc/arm-none-eabi/11.3.1/thumb/v7e-m+dp/hard/crtn.o
                0x0000000020020000                _estack = 0x20020000
                0x0000000000000200                _Min_Heap_Size = 0x200
                0x0000000000000400                _Min_Stack_Size = 0x400

.isr_vector     0x0000000008000000      0x298
                0x0000000008000000                . = ALIGN (0x4)
 *(.isr_vector)
 .isr_vector    0x0000000008000000      0x298 ./Example/User/Startup/startup_stm32h747xihx.o
                0x0000000008000000                g_pfnVectors
                0x0000000008000298                . = ALIGN (0x4)

.text           0x0000000008000298     0x7e6c
                0x0000000008000298                . = ALIGN (0x4)
 *(.text)
 .text          0x0000000008000298       0x40 C:/ST/STM32CubeIDE_1.14.0/STM32CubeIDE/plugins/com.st.stm32cube.ide.mcu.externaltools.gnu-tools-for-stm32.11.3.rel1.win32_1.1.100.202309141235/tools/bin/../lib/gcc/arm-none-eabi/11.3.1/thumb/v7e-m+dp/hard/crtbegin.o
 *(.text*)
 .text.IS42S32800J_Init
                0x00000000080002d8       0x7e ./Drivers/BSP/Components/is42s32800j.o
                0x00000000080002d8                IS42S32800J_Init
 *fill*         0x0000000008000356        0x2 
 .text.IS42S32800J_ClockEnable
                0x0000000008000358       0x48 ./Drivers/BSP/Components/is42s32800j.o
                0x0000000008000358                IS42S32800J_ClockEnable
 .text.IS42S32800J_Precharge
                0x00000000080003a0       0x48 ./Drivers/BSP/Components/is42s32800j.o
                0x00000000080003a0                IS42S32800J_Precharge
 .text.IS42S32800J_ModeRegConfig
                0x00000000080003e8       0x68 ./Drivers/BSP/Components/is42s32800j.o
                0x00000000080003e8                IS42S32800J_ModeRegConfig
 .text.IS42S32800J_RefreshMode
                0x0000000008000450       0x4c ./Drivers/BSP/Components/is42s32800j.o
                0x0000000008000450                IS42S32800J_RefreshMode
 .text.IS42S32800J_RefreshRate
                0x000000000800049c       0x28 ./Drivers/BSP/Components/is42s32800j.o
                0x000000000800049c                IS42S32800J_RefreshRate
 .text.IS42S32800J_Delay
                0x00000000080004c4       0x2a ./Drivers/BSP/Components/is42s32800j.o
 *fill*         0x00000000080004ee        0x2 
 .text.OTM8009A_RegisterBusIO
                0x00000000080004f0       0x5c ./Drivers/BSP/Components/otm8009a.o
                0x00000000080004f0                OTM8009A_RegisterBusIO
 .text.OTM8009A_Init
                0x000000000800054c      0xb94 ./Drivers/BSP/Components/otm8009a.o
                0x000000000800054c                OTM8009A_Init
 .text.OTM8009A_ReadRegWrap
                0x00000000080010e0       0x32 ./Drivers/BSP/Components/otm8009a.o
 .text.OTM8009A_WriteRegWrap
                0x0000000008001112       0x32 ./Drivers/BSP/Components/otm8009a.o
 .text.OTM8009A_IO_Delay
                0x0000000008001144       0x34 ./Drivers/BSP/Components/otm8009a.o
 .text.otm8009a_write_reg
                0x0000000008001178       0x2e ./Drivers/BSP/Components/otm8009a_reg.o
                0x0000000008001178                otm8009a_write_reg
 *fill*         0x00000000080011a6        0x2 
 .text.BSP_LED_Init
                0x00000000080011a8       0x88 ./Drivers/BSP/STM32H747I_DISCO/stm32h747i_discovery.o
                0x00000000080011a8                BSP_LED_Init
 .text.BSP_LED_On
                0x0000000008001230       0x3c ./Drivers/BSP/STM32H747I_DISCO/stm32h747i_discovery.o
                0x0000000008001230                BSP_LED_On
 .text.BSP_GetTick
                0x000000000800126c        0xe ./Drivers/BSP/STM32H747I_DISCO/stm32h747i_discovery_bus.o
                0x000000000800126c                BSP_GetTick
 *fill*         0x000000000800127a        0x2 
 .text.BSP_LCD_Reset
                0x000000000800127c       0x74 ./Drivers/BSP/STM32H747I_DISCO/stm32h747i_discovery_lcd.o
                0x000000000800127c                BSP_LCD_Reset
 .text.BSP_LCD_SetActiveLayer
                0x00000000080012f0       0x44 ./Drivers/BSP/STM32H747I_DISCO/stm32h747i_discovery_lcd.o
                0x00000000080012f0                BSP_LCD_SetActiveLayer
 .text.BSP_LCD_GetPixelFormat
                0x0000000008001334       0x44 ./Drivers/BSP/STM32H747I_DISCO/stm32h747i_discovery_lcd.o
                0x0000000008001334                BSP_LCD_GetPixelFormat
 .text.BSP_LCD_DrawBitmap
                0x0000000008001378      0x1a4 ./Drivers/BSP/STM32H747I_DISCO/stm32h747i_discovery_lcd.o
                0x0000000008001378                BSP_LCD_DrawBitmap
 .text.BSP_LCD_FillRGBRect
                0x000000000800151c       0x98 ./Drivers/BSP/STM32H747I_DISCO/stm32h747i_discovery_lcd.o
                0x000000000800151c                BSP_LCD_FillRGBRect
 .text.BSP_LCD_DrawHLine
                0x00000000080015b4       0xb8 ./Drivers/BSP/STM32H747I_DISCO/stm32h747i_discovery_lcd.o
                0x00000000080015b4                BSP_LCD_DrawHLine
 .text.BSP_LCD_DrawVLine
                0x000000000800166c       0xcc ./Drivers/BSP/STM32H747I_DISCO/stm32h747i_discovery_lcd.o
                0x000000000800166c                BSP_LCD_DrawVLine
 .text.BSP_LCD_FillRect
                0x0000000008001738       0x9c ./Drivers/BSP/STM32H747I_DISCO/stm32h747i_discovery_lcd.o
                0x0000000008001738                BSP_LCD_FillRect
 .text.BSP_LCD_ReadPixel
                0x00000000080017d4       0xd8 ./Drivers/BSP/STM32H747I_DISCO/stm32h747i_discovery_lcd.o
                0x00000000080017d4                BSP_LCD_ReadPixel
 .text.BSP_LCD_WritePixel
                0x00000000080018ac       0xd4 ./Drivers/BSP/STM32H747I_DISCO/stm32h747i_discovery_lcd.o
                0x00000000080018ac                BSP_LCD_WritePixel
 .text.LL_FillBuffer
                0x0000000008001980       0xe8 ./Drivers/BSP/STM32H747I_DISCO/stm32h747i_discovery_lcd.o
 .text.LL_ConvertLineToRGB
                0x0000000008001a68       0xb0 ./Drivers/BSP/STM32H747I_DISCO/stm32h747i_discovery_lcd.o
 .text.BSP_SDRAM_Init
                0x0000000008001b18       0x90 ./Drivers/BSP/STM32H747I_DISCO/stm32h747i_discovery_sdram.o
                0x0000000008001b18                BSP_SDRAM_Init
 .text.MX_SDRAM_Init
                0x0000000008001ba8       0x94 ./Drivers/BSP/STM32H747I_DISCO/stm32h747i_discovery_sdram.o
                0x0000000008001ba8                MX_SDRAM_Init
 .text.SDRAM_MspInit
                0x0000000008001c3c      0x22c ./Drivers/BSP/STM32H747I_DISCO/stm32h747i_discovery_sdram.o
 .text.SystemInit
                0x0000000008001e68       0xec ./Drivers/CMSIS/system_stm32h7xx.o
                0x0000000008001e68                SystemInit
 .text.HAL_Init
                0x0000000008001f54       0x78 ./Drivers/STM32H7xx_HAL_Driver/stm32h7xx_hal.o
                0x0000000008001f54                HAL_Init
 .text.HAL_MspInit
                0x0000000008001fcc        0xe ./Drivers/STM32H7xx_HAL_Driver/stm32h7xx_hal.o
                0x0000000008001fcc                HAL_MspInit
 *fill*         0x0000000008001fda        0x2 
 .text.HAL_InitTick
                0x0000000008001fdc       0x6c ./Drivers/STM32H7xx_HAL_Driver/stm32h7xx_hal.o
                0x0000000008001fdc                HAL_InitTick
 .text.HAL_IncTick
                0x0000000008002048       0x28 ./Drivers/STM32H7xx_HAL_Driver/stm32h7xx_hal.o
                0x0000000008002048                HAL_IncTick
 .text.HAL_GetTick
                0x0000000008002070       0x18 ./Drivers/STM32H7xx_HAL_Driver/stm32h7xx_hal.o
                0x0000000008002070                HAL_GetTick
 .text.HAL_Delay
                0x0000000008002088       0x48 ./Drivers/STM32H7xx_HAL_Driver/stm32h7xx_hal.o
                0x0000000008002088                HAL_Delay
 .text.HAL_GetREVID
                0x00000000080020d0       0x18 ./Drivers/STM32H7xx_HAL_Driver/stm32h7xx_hal.o
                0x00000000080020d0                HAL_GetREVID
 .text.HAL_EnableCompensationCell
                0x00000000080020e8       0x20 ./Drivers/STM32H7xx_HAL_Driver/stm32h7xx_hal.o
                0x00000000080020e8                HAL_EnableCompensationCell
 .text.__NVIC_SetPriorityGrouping
                0x0000000008002108       0x48 ./Drivers/STM32H7xx_HAL_Driver/stm32h7xx_hal_cortex.o
 .text.__NVIC_GetPriorityGrouping
                0x0000000008002150       0x1c ./Drivers/STM32H7xx_HAL_Driver/stm32h7xx_hal_cortex.o
 .text.__NVIC_EnableIRQ
                0x000000000800216c       0x3c ./Drivers/STM32H7xx_HAL_Driver/stm32h7xx_hal_cortex.o
 .text.__NVIC_SetPriority
                0x00000000080021a8       0x54 ./Drivers/STM32H7xx_HAL_Driver/stm32h7xx_hal_cortex.o
 .text.NVIC_EncodePriority
                0x00000000080021fc       0x66 ./Drivers/STM32H7xx_HAL_Driver/stm32h7xx_hal_cortex.o
 *fill*         0x0000000008002262        0x2 
 .text.SysTick_Config
                0x0000000008002264       0x44 ./Drivers/STM32H7xx_HAL_Driver/stm32h7xx_hal_cortex.o
 .text.HAL_NVIC_SetPriorityGrouping
                0x00000000080022a8       0x16 ./Drivers/STM32H7xx_HAL_Driver/stm32h7xx_hal_cortex.o
                0x00000000080022a8                HAL_NVIC_SetPriorityGrouping
 .text.HAL_NVIC_SetPriority
                0x00000000080022be       0x34 ./Drivers/STM32H7xx_HAL_Driver/stm32h7xx_hal_cortex.o
                0x00000000080022be                HAL_NVIC_SetPriority
 .text.HAL_NVIC_EnableIRQ
                0x00000000080022f2       0x1c ./Drivers/STM32H7xx_HAL_Driver/stm32h7xx_hal_cortex.o
                0x00000000080022f2                HAL_NVIC_EnableIRQ
 .text.HAL_SYSTICK_Config
                0x000000000800230e       0x18 ./Drivers/STM32H7xx_HAL_Driver/stm32h7xx_hal_cortex.o
                0x000000000800230e                HAL_SYSTICK_Config
 *fill*         0x0000000008002326        0x2 
 .text.HAL_MPU_Disable
                0x0000000008002328       0x30 ./Drivers/STM32H7xx_HAL_Driver/stm32h7xx_hal_cortex.o
                0x0000000008002328                HAL_MPU_Disable
 .text.HAL_MPU_Enable
                0x0000000008002358       0x40 ./Drivers/STM32H7xx_HAL_Driver/stm32h7xx_hal_cortex.o
                0x0000000008002358                HAL_MPU_Enable
 .text.HAL_MPU_ConfigRegion
                0x0000000008002398       0x88 ./Drivers/STM32H7xx_HAL_Driver/stm32h7xx_hal_cortex.o
                0x0000000008002398                HAL_MPU_ConfigRegion
 .text.HAL_DMA2D_Init
                0x0000000008002420       0xc8 ./Drivers/STM32H7xx_HAL_Driver/stm32h7xx_hal_dma2d.o
                0x0000000008002420                HAL_DMA2D_Init
 .text.HAL_DMA2D_MspInit
                0x00000000080024e8       0x14 ./Drivers/STM32H7xx_HAL_Driver/stm32h7xx_hal_dma2d.o
                0x00000000080024e8                HAL_DMA2D_MspInit
 .text.HAL_DMA2D_Start
                0x00000000080024fc       0x56 ./Drivers/STM32H7xx_HAL_Driver/stm32h7xx_hal_dma2d.o
                0x00000000080024fc                HAL_DMA2D_Start
 .text.HAL_DMA2D_PollForTransfer
                0x0000000008002552      0x1d2 ./Drivers/STM32H7xx_HAL_Driver/stm32h7xx_hal_dma2d.o
                0x0000000008002552                HAL_DMA2D_PollForTransfer
 .text.HAL_DMA2D_ConfigLayer
                0x0000000008002724      0x15c ./Drivers/STM32H7xx_HAL_Driver/stm32h7xx_hal_dma2d.o
                0x0000000008002724                HAL_DMA2D_ConfigLayer
 .text.DMA2D_SetConfig
                0x0000000008002880      0x14c ./Drivers/STM32H7xx_HAL_Driver/stm32h7xx_hal_dma2d.o
 .text.DSI_ConfigPacketHeader
                0x00000000080029cc       0x32 ./Drivers/STM32H7xx_HAL_Driver/stm32h7xx_hal_dsi.o
 .text.DSI_ShortWrite
                0x00000000080029fe       0x5e ./Drivers/STM32H7xx_HAL_Driver/stm32h7xx_hal_dsi.o
 .text.HAL_DSI_Init
                0x0000000008002a5c      0x238 ./Drivers/STM32H7xx_HAL_Driver/stm32h7xx_hal_dsi.o
                0x0000000008002a5c                HAL_DSI_Init
 .text.HAL_DSI_DeInit
                0x0000000008002c94       0xe8 ./Drivers/STM32H7xx_HAL_Driver/stm32h7xx_hal_dsi.o
                0x0000000008002c94                HAL_DSI_DeInit
 .text.HAL_DSI_MspInit
                0x0000000008002d7c       0x14 ./Drivers/STM32H7xx_HAL_Driver/stm32h7xx_hal_dsi.o
                0x0000000008002d7c                HAL_DSI_MspInit
 .text.HAL_DSI_MspDeInit
                0x0000000008002d90       0x14 ./Drivers/STM32H7xx_HAL_Driver/stm32h7xx_hal_dsi.o
                0x0000000008002d90                HAL_DSI_MspDeInit
 .text.HAL_DSI_IRQHandler
                0x0000000008002da4      0x192 ./Drivers/STM32H7xx_HAL_Driver/stm32h7xx_hal_dsi.o
                0x0000000008002da4                HAL_DSI_IRQHandler
 .text.HAL_DSI_TearingEffectCallback
                0x0000000008002f36       0x14 ./Drivers/STM32H7xx_HAL_Driver/stm32h7xx_hal_dsi.o
                0x0000000008002f36                HAL_DSI_TearingEffectCallback
 .text.HAL_DSI_ErrorCallback
                0x0000000008002f4a       0x14 ./Drivers/STM32H7xx_HAL_Driver/stm32h7xx_hal_dsi.o
                0x0000000008002f4a                HAL_DSI_ErrorCallback
 *fill*         0x0000000008002f5e        0x2 
 .text.HAL_DSI_ConfigAdaptedCommandMode
                0x0000000008002f60      0x1b4 ./Drivers/STM32H7xx_HAL_Driver/stm32h7xx_hal_dsi.o
                0x0000000008002f60                HAL_DSI_ConfigAdaptedCommandMode
 .text.HAL_DSI_ConfigCommand
                0x0000000008003114       0xbc ./Drivers/STM32H7xx_HAL_Driver/stm32h7xx_hal_dsi.o
                0x0000000008003114                HAL_DSI_ConfigCommand
 .text.HAL_DSI_ConfigFlowControl
                0x00000000080031d0       0x50 ./Drivers/STM32H7xx_HAL_Driver/stm32h7xx_hal_dsi.o
                0x00000000080031d0                HAL_DSI_ConfigFlowControl
 .text.HAL_DSI_ConfigPhyTimer
                0x0000000008003220       0xd4 ./Drivers/STM32H7xx_HAL_Driver/stm32h7xx_hal_dsi.o
                0x0000000008003220                HAL_DSI_ConfigPhyTimer
 .text.HAL_DSI_Start
                0x00000000080032f4       0x78 ./Drivers/STM32H7xx_HAL_Driver/stm32h7xx_hal_dsi.o
                0x00000000080032f4                HAL_DSI_Start
 .text.HAL_DSI_Refresh
                0x000000000800336c       0x42 ./Drivers/STM32H7xx_HAL_Driver/stm32h7xx_hal_dsi.o
                0x000000000800336c                HAL_DSI_Refresh
 .text.HAL_DSI_ShortWrite
                0x00000000080033ae       0x44 ./Drivers/STM32H7xx_HAL_Driver/stm32h7xx_hal_dsi.o
                0x00000000080033ae                HAL_DSI_ShortWrite
 .text.HAL_DSI_LongWrite
                0x00000000080033f2      0x130 ./Drivers/STM32H7xx_HAL_Driver/stm32h7xx_hal_dsi.o
                0x00000000080033f2                HAL_DSI_LongWrite
 .text.HAL_DSI_Read
                0x0000000008003522      0x188 ./Drivers/STM32H7xx_HAL_Driver/stm32h7xx_hal_dsi.o
                0x0000000008003522                HAL_DSI_Read
 .text.HAL_DSI_ForceRXLowPower
                0x00000000080036aa       0x5c ./Drivers/STM32H7xx_HAL_Driver/stm32h7xx_hal_dsi.o
                0x00000000080036aa                HAL_DSI_ForceRXLowPower
 *fill*         0x0000000008003706        0x2 
 .text.HAL_GPIO_Init
                0x0000000008003708      0x360 ./Drivers/STM32H7xx_HAL_Driver/stm32h7xx_hal_gpio.o
                0x0000000008003708                HAL_GPIO_Init
 .text.HAL_GPIO_WritePin
                0x0000000008003a68       0x32 ./Drivers/STM32H7xx_HAL_Driver/stm32h7xx_hal_gpio.o
                0x0000000008003a68                HAL_GPIO_WritePin
 *fill*         0x0000000008003a9a        0x2 
 .text.HAL_LTDC_Init
                0x0000000008003a9c      0x1a0 ./Drivers/STM32H7xx_HAL_Driver/stm32h7xx_hal_ltdc.o
                0x0000000008003a9c                HAL_LTDC_Init
 .text.HAL_LTDC_DeInit
                0x0000000008003c3c       0xae ./Drivers/STM32H7xx_HAL_Driver/stm32h7xx_hal_ltdc.o
                0x0000000008003c3c                HAL_LTDC_DeInit
 .text.HAL_LTDC_MspInit
                0x0000000008003cea       0x14 ./Drivers/STM32H7xx_HAL_Driver/stm32h7xx_hal_ltdc.o
                0x0000000008003cea                HAL_LTDC_MspInit
 .text.HAL_LTDC_MspDeInit
                0x0000000008003cfe       0x14 ./Drivers/STM32H7xx_HAL_Driver/stm32h7xx_hal_ltdc.o
                0x0000000008003cfe                HAL_LTDC_MspDeInit
 .text.HAL_LTDC_ConfigLayer
                0x0000000008003d12       0x7c ./Drivers/STM32H7xx_HAL_Driver/stm32h7xx_hal_ltdc.o
                0x0000000008003d12                HAL_LTDC_ConfigLayer
 *fill*         0x0000000008003d8e        0x2 
 .text.LTDC_SetConfig
                0x0000000008003d90      0x334 ./Drivers/STM32H7xx_HAL_Driver/stm32h7xx_hal_ltdc.o
 .text.HAL_MDMA_Init
                0x00000000080040c4       0x98 ./Drivers/STM32H7xx_HAL_Driver/stm32h7xx_hal_mdma.o
                0x00000000080040c4                HAL_MDMA_Init
 .text.HAL_MDMA_DeInit
                0x000000000800415c       0xb0 ./Drivers/STM32H7xx_HAL_Driver/stm32h7xx_hal_mdma.o
                0x000000000800415c                HAL_MDMA_DeInit
 .text.MDMA_Init
                0x000000000800420c      0x130 ./Drivers/STM32H7xx_HAL_Driver/stm32h7xx_hal_mdma.o
 .text.HAL_PWREx_ConfigSupply
                0x000000000800433c       0xb4 ./Drivers/STM32H7xx_HAL_Driver/stm32h7xx_hal_pwr_ex.o
                0x000000000800433c                HAL_PWREx_ConfigSupply
 .text.HAL_RCC_OscConfig
                0x00000000080043f0      0x8b4 ./Drivers/STM32H7xx_HAL_Driver/stm32h7xx_hal_rcc.o
                0x00000000080043f0                HAL_RCC_OscConfig
 .text.HAL_RCC_ClockConfig
                0x0000000008004ca4      0x36c ./Drivers/STM32H7xx_HAL_Driver/stm32h7xx_hal_rcc.o
                0x0000000008004ca4                HAL_RCC_ClockConfig
 .text.HAL_RCC_GetSysClockFreq
                0x0000000008005010      0x2f4 ./Drivers/STM32H7xx_HAL_Driver/stm32h7xx_hal_rcc.o
                0x0000000008005010                HAL_RCC_GetSysClockFreq
 .text.HAL_RCCEx_PeriphCLKConfig
                0x0000000008005304     0x1494 ./Drivers/STM32H7xx_HAL_Driver/stm32h7xx_hal_rcc_ex.o
                0x0000000008005304                HAL_RCCEx_PeriphCLKConfig
 .text.RCCEx_PLL2_Config
                0x0000000008006798      0x164 ./Drivers/STM32H7xx_HAL_Driver/stm32h7xx_hal_rcc_ex.o
 .text.RCCEx_PLL3_Config
                0x00000000080068fc      0x164 ./Drivers/STM32H7xx_HAL_Driver/stm32h7xx_hal_rcc_ex.o
 .text.HAL_SDRAM_Init
                0x0000000008006a60       0x78 ./Drivers/STM32H7xx_HAL_Driver/stm32h7xx_hal_sdram.o
                0x0000000008006a60                HAL_SDRAM_Init
 .text.HAL_SDRAM_MspInit
                0x0000000008006ad8       0x14 ./Drivers/STM32H7xx_HAL_Driver/stm32h7xx_hal_sdram.o
                0x0000000008006ad8                HAL_SDRAM_MspInit
 .text.HAL_SDRAM_SendCommand
                0x0000000008006aec       0x6a ./Drivers/STM32H7xx_HAL_Driver/stm32h7xx_hal_sdram.o
                0x0000000008006aec                HAL_SDRAM_SendCommand
 .text.HAL_SDRAM_ProgramRefreshRate
                0x0000000008006b56       0x50 ./Drivers/STM32H7xx_HAL_Driver/stm32h7xx_hal_sdram.o
                0x0000000008006b56                HAL_SDRAM_ProgramRefreshRate
 *fill*         0x0000000008006ba6        0x2 
 .text.FMC_SDRAM_Init
                0x0000000008006ba8       0xb8 ./Drivers/STM32H7xx_HAL_Driver/stm32h7xx_ll_fmc.o
                0x0000000008006ba8                FMC_SDRAM_Init
 .text.FMC_SDRAM_Timing_Init
                0x0000000008006c60       0xd4 ./Drivers/STM32H7xx_HAL_Driver/stm32h7xx_ll_fmc.o
                0x0000000008006c60                FMC_SDRAM_Timing_Init
 .text.FMC_SDRAM_SendCommand
                0x0000000008006d34       0x48 ./Drivers/STM32H7xx_HAL_Driver/stm32h7xx_ll_fmc.o
                0x0000000008006d34                FMC_SDRAM_SendCommand
 .text.FMC_SDRAM_ProgramRefreshRate
                0x0000000008006d7c       0x30 ./Drivers/STM32H7xx_HAL_Driver/stm32h7xx_ll_fmc.o
                0x0000000008006d7c                FMC_SDRAM_ProgramRefreshRate
 .text.main     0x0000000008006dac      0x1d0 ./Example/User/CM7/main.o
                0x0000000008006dac                main
 .text.LCD_GetXSize
                0x0000000008006f7c       0x24 ./Example/User/CM7/main.o
                0x0000000008006f7c                LCD_GetXSize
 .text.LCD_GetYSize
                0x0000000008006fa0       0x24 ./Example/User/CM7/main.o
                0x0000000008006fa0                LCD_GetYSize
 .text.HAL_DSI_EndOfRefreshCallback
                0x0000000008006fc4       0xb4 ./Example/User/CM7/main.o
                0x0000000008006fc4                HAL_DSI_EndOfRefreshCallback
 .text.LCD_Init
                0x0000000008007078      0x220 ./Example/User/CM7/main.o
 .text.LTDC_Init
                0x0000000008007298       0x90 ./Example/User/CM7/main.o
                0x0000000008007298                LTDC_Init
 .text.LCD_LayertInit
                0x0000000008007328       0x78 ./Example/User/CM7/main.o
 .text.DSI_IO_Write
                0x00000000080073a0       0x78 ./Example/User/CM7/main.o
 .text.DSI_IO_Read
                0x0000000008007418       0x50 ./Example/User/CM7/main.o
 .text.LCD_MspInit
                0x0000000008007468       0xf4 ./Example/User/CM7/main.o
                0x0000000008007468                LCD_MspInit
 .text.LCD_BriefDisplay
                0x000000000800755c       0x84 ./Example/User/CM7/main.o
 .text.CopyBuffer
                0x00000000080075e0       0xd0 ./Example/User/CM7/main.o
 .text.SystemClock_Config
                0x00000000080076b0      0x12c ./Example/User/CM7/main.o
 .text.CPU_CACHE_Enable
                0x00000000080077dc       0xdc ./Example/User/CM7/main.o
 .text.MPU_Config
                0x00000000080078b8       0x82 ./Example/User/CM7/main.o
 .text.Error_Handler
                0x000000000800793a        0xc ./Example/User/CM7/main.o
 .text.NMI_Handler
                0x0000000008007946        0xe ./Example/User/CM7/stm32h7xx_it.o
                0x0000000008007946                NMI_Handler
 .text.HardFault_Handler
                0x0000000008007954        0x6 ./Example/User/CM7/stm32h7xx_it.o
                0x0000000008007954                HardFault_Handler
 .text.MemManage_Handler
                0x000000000800795a        0x6 ./Example/User/CM7/stm32h7xx_it.o
                0x000000000800795a                MemManage_Handler
 .text.BusFault_Handler
                0x0000000008007960        0x6 ./Example/User/CM7/stm32h7xx_it.o
                0x0000000008007960                BusFault_Handler
 .text.UsageFault_Handler
                0x0000000008007966        0x6 ./Example/User/CM7/stm32h7xx_it.o
                0x0000000008007966                UsageFault_Handler
 .text.SVC_Handler
                0x000000000800796c        0xe ./Example/User/CM7/stm32h7xx_it.o
                0x000000000800796c                SVC_Handler
 .text.DebugMon_Handler
                0x000000000800797a        0xe ./Example/User/CM7/stm32h7xx_it.o
                0x000000000800797a                DebugMon_Handler
 .text.PendSV_Handler
                0x0000000008007988        0xe ./Example/User/CM7/stm32h7xx_it.o
                0x0000000008007988                PendSV_Handler
 .text.SysTick_Handler
                0x0000000008007996        0xc ./Example/User/CM7/stm32h7xx_it.o
                0x0000000008007996                SysTick_Handler
 *fill*         0x00000000080079a2        0x2 
 .text.DSI_IRQHandler
                0x00000000080079a4       0x14 ./Example/User/CM7/stm32h7xx_it.o
                0x00000000080079a4                DSI_IRQHandler
 .text.Reset_Handler
                0x00000000080079b8       0x50 ./Example/User/Startup/startup_stm32h747xihx.o
                0x00000000080079b8                Reset_Handler
 .text.Default_Handler
                0x0000000008007a08        0x2 ./Example/User/Startup/startup_stm32h747xihx.o
                0x0000000008007a08                RTC_Alarm_IRQHandler
                0x0000000008007a08                EXTI2_IRQHandler
                0x0000000008007a08                TIM8_CC_IRQHandler
                0x0000000008007a08                HRTIM1_Master_IRQHandler
                0x0000000008007a08                UART8_IRQHandler
                0x0000000008007a08                SPI4_IRQHandler
                0x0000000008007a08                TIM1_CC_IRQHandler
                0x0000000008007a08                BDMA_Channel6_IRQHandler
                0x0000000008007a08                DMA2_Stream5_IRQHandler
                0x0000000008007a08                HRTIM1_FLT_IRQHandler
                0x0000000008007a08                JPEG_IRQHandler
                0x0000000008007a08                DMA1_Stream5_IRQHandler
                0x0000000008007a08                BDMA_Channel1_IRQHandler
                0x0000000008007a08                HRTIM1_TIMD_IRQHandler
                0x0000000008007a08                TAMP_STAMP_IRQHandler
                0x0000000008007a08                EXTI3_IRQHandler
                0x0000000008007a08                LPTIM4_IRQHandler
                0x0000000008007a08                TIM8_TRG_COM_TIM14_IRQHandler
                0x0000000008007a08                LPTIM2_IRQHandler
                0x0000000008007a08                DFSDM1_FLT1_IRQHandler
                0x0000000008007a08                DMAMUX2_OVR_IRQHandler
                0x0000000008007a08                TIM8_UP_TIM13_IRQHandler
                0x0000000008007a08                I2C3_ER_IRQHandler
                0x0000000008007a08                DFSDM1_FLT2_IRQHandler
                0x0000000008007a08                MDMA_IRQHandler
                0x0000000008007a08                LPTIM3_IRQHandler
                0x0000000008007a08                HSEM1_IRQHandler
                0x0000000008007a08                EXTI0_IRQHandler
                0x0000000008007a08                I2C2_EV_IRQHandler
                0x0000000008007a08                DMA1_Stream2_IRQHandler
                0x0000000008007a08                FPU_IRQHandler
                0x0000000008007a08                OTG_HS_WKUP_IRQHandler
                0x0000000008007a08                FDCAN1_IT1_IRQHandler
                0x0000000008007a08                LTDC_ER_IRQHandler
                0x0000000008007a08                DMA2_Stream2_IRQHandler
                0x0000000008007a08                HRTIM1_TIME_IRQHandler
                0x0000000008007a08                SPI1_IRQHandler
                0x0000000008007a08                TIM6_DAC_IRQHandler
                0x0000000008007a08                DCMI_IRQHandler
                0x0000000008007a08                HRTIM1_TIMC_IRQHandler
                0x0000000008007a08                DMA2_Stream3_IRQHandler
                0x0000000008007a08                SAI2_IRQHandler
                0x0000000008007a08                DFSDM1_FLT3_IRQHandler
                0x0000000008007a08                USART6_IRQHandler
                0x0000000008007a08                TIM17_IRQHandler
                0x0000000008007a08                USART3_IRQHandler
                0x0000000008007a08                BDMA_Channel7_IRQHandler
                0x0000000008007a08                LPTIM5_IRQHandler
                0x0000000008007a08                UART5_IRQHandler
                0x0000000008007a08                ADC3_IRQHandler
                0x0000000008007a08                DMA2_Stream0_IRQHandler
                0x0000000008007a08                TIM4_IRQHandler
                0x0000000008007a08                BDMA_Channel2_IRQHandler
                0x0000000008007a08                QUADSPI_IRQHandler
                0x0000000008007a08                I2C1_EV_IRQHandler
                0x0000000008007a08                DMA1_Stream6_IRQHandler
                0x0000000008007a08                DMAMUX1_OVR_IRQHandler
                0x0000000008007a08                DMA1_Stream1_IRQHandler
                0x0000000008007a08                TIM16_IRQHandler
                0x0000000008007a08                UART4_IRQHandler
                0x0000000008007a08                BDMA_Channel5_IRQHandler
                0x0000000008007a08                TIM3_IRQHandler
                0x0000000008007a08                RCC_IRQHandler
                0x0000000008007a08                TIM8_BRK_TIM12_IRQHandler
                0x0000000008007a08                TIM1_TRG_COM_IRQHandler
                0x0000000008007a08                Default_Handler
                0x0000000008007a08                ECC_IRQHandler
                0x0000000008007a08                CEC_IRQHandler
                0x0000000008007a08                EXTI15_10_IRQHandler
                0x0000000008007a08                BDMA_Channel0_IRQHandler
                0x0000000008007a08                ADC_IRQHandler
                0x0000000008007a08                DMA1_Stream7_IRQHandler
                0x0000000008007a08                HRTIM1_TIMA_IRQHandler
                0x0000000008007a08                SPI5_IRQHandler
                0x0000000008007a08                TIM7_IRQHandler
                0x0000000008007a08                SDMMC1_IRQHandler
                0x0000000008007a08                TIM5_IRQHandler
                0x0000000008007a08                DMA2_Stream7_IRQHandler
                0x0000000008007a08                TIM15_IRQHandler
                0x0000000008007a08                PVD_AVD_IRQHandler
                0x0000000008007a08                I2C3_EV_IRQHandler
                0x0000000008007a08                EXTI9_5_IRQHandler
                0x0000000008007a08                RTC_WKUP_IRQHandler
                0x0000000008007a08                LTDC_IRQHandler
                0x0000000008007a08                SAI3_IRQHandler
                0x0000000008007a08                ETH_WKUP_IRQHandler
                0x0000000008007a08                SPDIF_RX_IRQHandler
                0x0000000008007a08                SPI2_IRQHandler
                0x0000000008007a08                OTG_HS_EP1_IN_IRQHandler
                0x0000000008007a08                DMA1_Stream0_IRQHandler
                0x0000000008007a08                CRS_IRQHandler
                0x0000000008007a08                CM7_SEV_IRQHandler
                0x0000000008007a08                EXTI4_IRQHandler
                0x0000000008007a08                RNG_IRQHandler
                0x0000000008007a08                CM4_SEV_IRQHandler
                0x0000000008007a08                HRTIM1_TIMB_IRQHandler
                0x0000000008007a08                FDCAN2_IT1_IRQHandler
                0x0000000008007a08                ETH_IRQHandler
                0x0000000008007a08                TIM1_UP_IRQHandler
                0x0000000008007a08                WWDG_RST_IRQHandler
                0x0000000008007a08                BDMA_Channel4_IRQHandler
                0x0000000008007a08                OTG_HS_EP1_OUT_IRQHandler
                0x0000000008007a08                WWDG_IRQHandler
                0x0000000008007a08                SPI6_IRQHandler
                0x0000000008007a08                MDIOS_IRQHandler
                0x0000000008007a08                I2C4_EV_IRQHandler
                0x0000000008007a08                FDCAN2_IT0_IRQHandler
                0x0000000008007a08                LPUART1_IRQHandler
                0x0000000008007a08                FDCAN1_IT0_IRQHandler
                0x0000000008007a08                TIM2_IRQHandler
                0x0000000008007a08                OTG_FS_WKUP_IRQHandler
                0x0000000008007a08                OTG_HS_IRQHandler
                0x0000000008007a08                HSEM2_IRQHandler
                0x0000000008007a08                DMA2D_IRQHandler
                0x0000000008007a08                TIM1_BRK_IRQHandler
                0x0000000008007a08                EXTI1_IRQHandler
                0x0000000008007a08                SDMMC2_IRQHandler
                0x0000000008007a08                OTG_FS_EP1_OUT_IRQHandler
                0x0000000008007a08                BDMA_Channel3_IRQHandler
                0x0000000008007a08                HOLD_CORE_IRQHandler
                0x0000000008007a08                UART7_IRQHandler
                0x0000000008007a08                MDIOS_WKUP_IRQHandler
                0x0000000008007a08                USART2_IRQHandler
                0x0000000008007a08                DFSDM1_FLT0_IRQHandler
                0x0000000008007a08                SAI4_IRQHandler
                0x0000000008007a08                I2C2_ER_IRQHandler
                0x0000000008007a08                DMA2_Stream1_IRQHandler
                0x0000000008007a08                FLASH_IRQHandler
                0x0000000008007a08                DMA2_Stream4_IRQHandler
                0x0000000008007a08                USART1_IRQHandler
                0x0000000008007a08                OTG_FS_IRQHandler
                0x0000000008007a08                SPI3_IRQHandler
                0x0000000008007a08                WAKEUP_PIN_IRQHandler
                0x0000000008007a08                DMA1_Stream4_IRQHandler
                0x0000000008007a08                OTG_FS_EP1_IN_IRQHandler
                0x0000000008007a08                I2C1_ER_IRQHandler
                0x0000000008007a08                FMC_IRQHandler
                0x0000000008007a08                FDCAN_CAL_IRQHandler
                0x0000000008007a08                SWPMI1_IRQHandler
                0x0000000008007a08                COMP1_IRQHandler
                0x0000000008007a08                LPTIM1_IRQHandler
                0x0000000008007a08                I2C4_ER_IRQHandler
                0x0000000008007a08                DMA2_Stream6_IRQHandler
                0x0000000008007a08                SAI1_IRQHandler
                0x0000000008007a08                DMA1_Stream3_IRQHandler
 *fill*         0x0000000008007a0a        0x2 
 .text.UTIL_LCD_SetFuncDriver
                0x0000000008007a0c       0xac ./Utilities/stm32_lcd.o
                0x0000000008007a0c                UTIL_LCD_SetFuncDriver
 .text.UTIL_LCD_SetTextColor
                0x0000000008007ab8       0x28 ./Utilities/stm32_lcd.o
                0x0000000008007ab8                UTIL_LCD_SetTextColor
 .text.UTIL_LCD_SetBackColor
                0x0000000008007ae0       0x28 ./Utilities/stm32_lcd.o
                0x0000000008007ae0                UTIL_LCD_SetBackColor
 .text.UTIL_LCD_SetFont
                0x0000000008007b08       0x28 ./Utilities/stm32_lcd.o
                0x0000000008007b08                UTIL_LCD_SetFont
 .text.UTIL_LCD_GetFont
                0x0000000008007b30       0x20 ./Utilities/stm32_lcd.o
                0x0000000008007b30                UTIL_LCD_GetFont
 .text.UTIL_LCD_FillRGBRect
                0x0000000008007b50       0x38 ./Utilities/stm32_lcd.o
                0x0000000008007b50                UTIL_LCD_FillRGBRect
 .text.UTIL_LCD_DisplayChar
                0x0000000008007b88       0x6c ./Utilities/stm32_lcd.o
                0x0000000008007b88                UTIL_LCD_DisplayChar
 .text.UTIL_LCD_DisplayStringAt
                0x0000000008007bf4      0x15c ./Utilities/stm32_lcd.o
                0x0000000008007bf4                UTIL_LCD_DisplayStringAt
 .text.UTIL_LCD_DisplayStringAtLine
                0x0000000008007d50       0x2c ./Utilities/stm32_lcd.o
                0x0000000008007d50                UTIL_LCD_DisplayStringAtLine
 .text.UTIL_LCD_FillRect
                0x0000000008007d7c       0x74 ./Utilities/stm32_lcd.o
                0x0000000008007d7c                UTIL_LCD_FillRect
 .text.DrawChar
                0x0000000008007df0      0x2b4 ./Utilities/stm32_lcd.o
 .text.__libc_init_array
                0x00000000080080a4       0x48 C:/ST/STM32CubeIDE_1.14.0/STM32CubeIDE/plugins/com.st.stm32cube.ide.mcu.externaltools.gnu-tools-for-stm32.11.3.rel1.win32_1.1.100.202309141235/tools/bin/../lib/gcc/arm-none-eabi/11.3.1/../../../../arm-none-eabi/lib/thumb/v7e-m+dp/hard\libc_nano.a(libc_a-init.o)
                0x00000000080080a4                __libc_init_array
 *(.glue_7)
 .glue_7        0x00000000080080ec        0x0 linker stubs
 *(.glue_7t)
 .glue_7t       0x00000000080080ec        0x0 linker stubs
 *(.eh_frame)
 .eh_frame      0x00000000080080ec        0x0 C:/ST/STM32CubeIDE_1.14.0/STM32CubeIDE/plugins/com.st.stm32cube.ide.mcu.externaltools.gnu-tools-for-stm32.11.3.rel1.win32_1.1.100.202309141235/tools/bin/../lib/gcc/arm-none-eabi/11.3.1/thumb/v7e-m+dp/hard/crtbegin.o
 *(.init)
 .init          0x00000000080080ec        0x4 C:/ST/STM32CubeIDE_1.14.0/STM32CubeIDE/plugins/com.st.stm32cube.ide.mcu.externaltools.gnu-tools-for-stm32.11.3.rel1.win32_1.1.100.202309141235/tools/bin/../lib/gcc/arm-none-eabi/11.3.1/thumb/v7e-m+dp/hard/crti.o
                0x00000000080080ec                _init
 .init          0x00000000080080f0        0x8 C:/ST/STM32CubeIDE_1.14.0/STM32CubeIDE/plugins/com.st.stm32cube.ide.mcu.externaltools.gnu-tools-for-stm32.11.3.rel1.win32_1.1.100.202309141235/tools/bin/../lib/gcc/arm-none-eabi/11.3.1/thumb/v7e-m+dp/hard/crtn.o
 *(.fini)
 .fini          0x00000000080080f8        0x4 C:/ST/STM32CubeIDE_1.14.0/STM32CubeIDE/plugins/com.st.stm32cube.ide.mcu.externaltools.gnu-tools-for-stm32.11.3.rel1.win32_1.1.100.202309141235/tools/bin/../lib/gcc/arm-none-eabi/11.3.1/thumb/v7e-m+dp/hard/crti.o
                0x00000000080080f8                _fini
 .fini          0x00000000080080fc        0x8 C:/ST/STM32CubeIDE_1.14.0/STM32CubeIDE/plugins/com.st.stm32cube.ide.mcu.externaltools.gnu-tools-for-stm32.11.3.rel1.win32_1.1.100.202309141235/tools/bin/../lib/gcc/arm-none-eabi/11.3.1/thumb/v7e-m+dp/hard/crtn.o
                0x0000000008008104                . = ALIGN (0x4)
                0x0000000008008104                _etext = .

.vfp11_veneer   0x0000000008008104        0x0
 .vfp11_veneer  0x0000000008008104        0x0 linker stubs

.v4_bx          0x0000000008008104        0x0
 .v4_bx         0x0000000008008104        0x0 linker stubs

.iplt           0x0000000008008104        0x0
 .iplt          0x0000000008008104        0x0 C:/ST/STM32CubeIDE_1.14.0/STM32CubeIDE/plugins/com.st.stm32cube.ide.mcu.externaltools.gnu-tools-for-stm32.11.3.rel1.win32_1.1.100.202309141235/tools/bin/../lib/gcc/arm-none-eabi/11.3.1/thumb/v7e-m+dp/hard/crtbegin.o

.rodata         0x0000000008008104    0x988fc
                0x0000000008008104                . = ALIGN (0x4)
 *(.rodata)
 .rodata        0x0000000008008104       0xa3 ./Example/User/CM7/main.o
 *(.rodata*)
 *fill*         0x00000000080081a7        0x1 
 .rodata.LcdRegData27
                0x00000000080081a8        0x4 ./Drivers/BSP/Components/otm8009a.o
 .rodata.LcdRegData28
                0x00000000080081ac        0x4 ./Drivers/BSP/Components/otm8009a.o
 .rodata.short_reg_data.25
                0x00000000080081b0       0x33 ./Drivers/BSP/Components/otm8009a.o
 *fill*         0x00000000080081e3        0x1 
 .rodata.lcd_reg_data1.24
                0x00000000080081e4        0x3 ./Drivers/BSP/Components/otm8009a.o
 *fill*         0x00000000080081e7        0x1 
 .rodata.lcd_reg_data2.23
                0x00000000080081e8        0x2 ./Drivers/BSP/Components/otm8009a.o
 *fill*         0x00000000080081ea        0x2 
 .rodata.lcd_reg_data5.22
                0x00000000080081ec        0x2 ./Drivers/BSP/Components/otm8009a.o
 *fill*         0x00000000080081ee        0x2 
 .rodata.lcd_reg_data6.21
                0x00000000080081f0        0x2 ./Drivers/BSP/Components/otm8009a.o
 *fill*         0x00000000080081f2        0x2 
 .rodata.lcd_reg_data7.20
                0x00000000080081f4        0x6 ./Drivers/BSP/Components/otm8009a.o
 *fill*         0x00000000080081fa        0x2 
 .rodata.lcd_reg_data8.19
                0x00000000080081fc        0xe ./Drivers/BSP/Components/otm8009a.o
 *fill*         0x000000000800820a        0x2 
 .rodata.lcd_reg_data9.18
                0x000000000800820c        0xe ./Drivers/BSP/Components/otm8009a.o
 *fill*         0x000000000800821a        0x2 
 .rodata.lcd_reg_data10.17
                0x000000000800821c        0xa ./Drivers/BSP/Components/otm8009a.o
 *fill*         0x0000000008008226        0x2 
 .rodata.lcd_reg_data11.16
                0x0000000008008228        0xa ./Drivers/BSP/Components/otm8009a.o
 *fill*         0x0000000008008232        0x2 
 .rodata.lcd_reg_data12.15
                0x0000000008008234        0xf ./Drivers/BSP/Components/otm8009a.o
 *fill*         0x0000000008008243        0x1 
 .rodata.lcd_reg_data13.14
                0x0000000008008244        0xf ./Drivers/BSP/Components/otm8009a.o
 *fill*         0x0000000008008253        0x1 
 .rodata.lcd_reg_data14.13
                0x0000000008008254        0xa ./Drivers/BSP/Components/otm8009a.o
 *fill*         0x000000000800825e        0x2 
 .rodata.lcd_reg_data15.12
                0x0000000008008260        0xf ./Drivers/BSP/Components/otm8009a.o
 *fill*         0x000000000800826f        0x1 
 .rodata.lcd_reg_data16.11
                0x0000000008008270        0xf ./Drivers/BSP/Components/otm8009a.o
 *fill*         0x000000000800827f        0x1 
 .rodata.lcd_reg_data17.10
                0x0000000008008280        0xa ./Drivers/BSP/Components/otm8009a.o
 *fill*         0x000000000800828a        0x2 
 .rodata.lcd_reg_data18.9
                0x000000000800828c        0xa ./Drivers/BSP/Components/otm8009a.o
 *fill*         0x0000000008008296        0x2 
 .rodata.lcd_reg_data19.8
                0x0000000008008298        0xa ./Drivers/BSP/Components/otm8009a.o
 *fill*         0x00000000080082a2        0x2 
 .rodata.lcd_reg_data20.7
                0x00000000080082a4        0xf ./Drivers/BSP/Components/otm8009a.o
 *fill*         0x00000000080082b3        0x1 
 .rodata.lcd_reg_data21.6
                0x00000000080082b4        0xf ./Drivers/BSP/Components/otm8009a.o
 *fill*         0x00000000080082c3        0x1 
 .rodata.lcd_reg_data22.5
                0x00000000080082c4        0xa ./Drivers/BSP/Components/otm8009a.o
 *fill*         0x00000000080082ce        0x2 
 .rodata.lcd_reg_data23.4
                0x00000000080082d0        0xf ./Drivers/BSP/Components/otm8009a.o
 *fill*         0x00000000080082df        0x1 
 .rodata.lcd_reg_data24.3
                0x00000000080082e0        0xf ./Drivers/BSP/Components/otm8009a.o
 *fill*         0x00000000080082ef        0x1 
 .rodata.lcd_reg_data25.2
                0x00000000080082f0        0x3 ./Drivers/BSP/Components/otm8009a.o
 *fill*         0x00000000080082f3        0x1 
 .rodata.lcd_reg_data3.1
                0x00000000080082f4       0x10 ./Drivers/BSP/Components/otm8009a.o
 .rodata.lcd_reg_data4.0
                0x0000000008008304       0x10 ./Drivers/BSP/Components/otm8009a.o
 .rodata.LED_PIN
                0x0000000008008314       0x10 ./Drivers/BSP/STM32H747I_DISCO/stm32h747i_discovery.o
 .rodata.D1CorePrescTable
                0x0000000008008324       0x10 ./Drivers/CMSIS/system_stm32h7xx.o
                0x0000000008008324                D1CorePrescTable
 .rodata.image_320x240_argb8888
                0x0000000008008334    0x4b000 ./Example/User/CM7/main.o
                0x0000000008008334                image_320x240_argb8888
 .rodata.life_augmented_argb8888
                0x0000000008053334    0x4b000 ./Example/User/CM7/main.o
                0x0000000008053334                life_augmented_argb8888
 .rodata.Buffers
                0x000000000809e334        0x8 ./Example/User/CM7/main.o
 .rodata.LCD_UTIL_Driver
                0x000000000809e33c       0x2c ./Example/User/CM7/main.o
                0x000000000809e33c                LCD_UTIL_Driver
 .rodata.Font24_Table
                0x000000000809e368     0x1ab8 ./Utilities/stm32_lcd.o
                0x000000000809e368                Font24_Table
 .rodata.Font16_Table
                0x000000000809fe20      0xbe0 ./Utilities/stm32_lcd.o
                0x000000000809fe20                Font16_Table
                0x00000000080a0a00                . = ALIGN (0x4)

.rel.dyn        0x00000000080a0a00        0x0
 .rel.iplt      0x00000000080a0a00        0x0 C:/ST/STM32CubeIDE_1.14.0/STM32CubeIDE/plugins/com.st.stm32cube.ide.mcu.externaltools.gnu-tools-for-stm32.11.3.rel1.win32_1.1.100.202309141235/tools/bin/../lib/gcc/arm-none-eabi/11.3.1/thumb/v7e-m+dp/hard/crtbegin.o

.ARM.extab
 *(.ARM.extab* .gnu.linkonce.armextab.*)

.ARM            0x00000000080a0a00        0x0
                0x00000000080a0a00                __exidx_start = .
 *(.ARM.exidx*)
                0x00000000080a0a00                __exidx_end = .

.preinit_array  0x00000000080a0a00        0x0
                0x00000000080a0a00                PROVIDE (__preinit_array_start = .)
 *(.preinit_array*)
                0x00000000080a0a00                PROVIDE (__preinit_array_end = .)

.init_array     0x00000000080a0a00        0x4
                0x00000000080a0a00                PROVIDE (__init_array_start = .)
 *(SORT_BY_NAME(.init_array.*))
 *(.init_array*)
 .init_array    0x00000000080a0a00        0x4 C:/ST/STM32CubeIDE_1.14.0/STM32CubeIDE/plugins/com.st.stm32cube.ide.mcu.externaltools.gnu-tools-for-stm32.11.3.rel1.win32_1.1.100.202309141235/tools/bin/../lib/gcc/arm-none-eabi/11.3.1/thumb/v7e-m+dp/hard/crtbegin.o
                0x00000000080a0a04                PROVIDE (__init_array_end = .)

.fini_array     0x00000000080a0a04        0x4
                [!provide]                        PROVIDE (__fini_array_start = .)
 *(SORT_BY_NAME(.fini_array.*))
 *(.fini_array*)
 .fini_array    0x00000000080a0a04        0x4 C:/ST/STM32CubeIDE_1.14.0/STM32CubeIDE/plugins/com.st.stm32cube.ide.mcu.externaltools.gnu-tools-for-stm32.11.3.rel1.win32_1.1.100.202309141235/tools/bin/../lib/gcc/arm-none-eabi/11.3.1/thumb/v7e-m+dp/hard/crtbegin.o
                [!provide]                        PROVIDE (__fini_array_end = .)
                0x00000000080a0a08                _sidata = LOADADDR (.data)

.data           0x0000000020000000       0x3c load address 0x00000000080a0a08
                0x0000000020000000                . = ALIGN (0x4)
                0x0000000020000000                _sdata = .
 *(.data)
 *(.data*)
 .data.LED_PORT
                0x0000000020000000       0x10 ./Drivers/BSP/STM32H747I_DISCO/stm32h747i_discovery.o
 .data.SystemCoreClock
                0x0000000020000010        0x4 ./Drivers/CMSIS/system_stm32h7xx.o
                0x0000000020000010                SystemCoreClock
 .data.SystemD2Clock
                0x0000000020000014        0x4 ./Drivers/CMSIS/system_stm32h7xx.o
                0x0000000020000014                SystemD2Clock
 .data.uwTickPrio
                0x0000000020000018        0x4 ./Drivers/STM32H7xx_HAL_Driver/stm32h7xx_hal.o
                0x0000000020000018                uwTickPrio
 .data.uwTickFreq
                0x000000002000001c        0x1 ./Drivers/STM32H7xx_HAL_Driver/stm32h7xx_hal.o
                0x000000002000001c                uwTickFreq
 *fill*         0x000000002000001d        0x3 
 .data.pend_buffer
                0x0000000020000020        0x4 ./Example/User/CM7/main.o
 .data.Images   0x0000000020000024        0x8 ./Example/User/CM7/main.o
 .data.Font24   0x000000002000002c        0x8 ./Utilities/stm32_lcd.o
                0x000000002000002c                Font24
 .data.Font16   0x0000000020000034        0x8 ./Utilities/stm32_lcd.o
                0x0000000020000034                Font16
                0x000000002000003c                . = ALIGN (0x4)
                0x000000002000003c                _edata = .

.igot.plt       0x000000002000003c        0x0 load address 0x00000000080a0a44
 .igot.plt      0x000000002000003c        0x0 C:/ST/STM32CubeIDE_1.14.0/STM32CubeIDE/plugins/com.st.stm32cube.ide.mcu.externaltools.gnu-tools-for-stm32.11.3.rel1.win32_1.1.100.202309141235/tools/bin/../lib/gcc/arm-none-eabi/11.3.1/thumb/v7e-m+dp/hard/crtbegin.o
                0x000000002000003c                . = ALIGN (0x4)

.bss            0x0000000020000040      0x478 load address 0x00000000080a0a44
                0x0000000020000040                _sbss = .
                0x0000000020000040                __bss_start__ = _sbss
 *(.bss)
 .bss           0x0000000020000040       0x1c C:/ST/STM32CubeIDE_1.14.0/STM32CubeIDE/plugins/com.st.stm32cube.ide.mcu.externaltools.gnu-tools-for-stm32.11.3.rel1.win32_1.1.100.202309141235/tools/bin/../lib/gcc/arm-none-eabi/11.3.1/thumb/v7e-m+dp/hard/crtbegin.o
 *(.bss*)
 .bss.Command   0x000000002000005c       0x10 ./Drivers/BSP/Components/is42s32800j.o
 .bss.OTM8009ACtx
                0x000000002000006c        0xc ./Drivers/BSP/Components/otm8009a.o
 .bss.hlcd_dsi  0x0000000020000078       0x1c ./Drivers/BSP/STM32H747I_DISCO/stm32h747i_discovery_lcd.o
                0x0000000020000078                hlcd_dsi
 .bss.hlcd_dma2d
                0x0000000020000094       0x68 ./Drivers/BSP/STM32H747I_DISCO/stm32h747i_discovery_lcd.o
                0x0000000020000094                hlcd_dma2d
 .bss.hlcd_ltdc
                0x00000000200000fc       0xa8 ./Drivers/BSP/STM32H747I_DISCO/stm32h747i_discovery_lcd.o
                0x00000000200000fc                hlcd_ltdc
 .bss.Lcd_Ctx   0x00000000200001a4       0x1c ./Drivers/BSP/STM32H747I_DISCO/stm32h747i_discovery_lcd.o
                0x00000000200001a4                Lcd_Ctx
 .bss.hsdram    0x00000000200001c0       0x34 ./Drivers/BSP/STM32H747I_DISCO/stm32h747i_discovery_sdram.o
                0x00000000200001c0                hsdram
 .bss.pRegMode.2
                0x00000000200001f4       0x20 ./Drivers/BSP/STM32H747I_DISCO/stm32h747i_discovery_sdram.o
 .bss.mdma_handle.1
                0x0000000020000214       0x6c ./Drivers/BSP/STM32H747I_DISCO/stm32h747i_discovery_sdram.o
 .bss.uwTick    0x0000000020000280        0x4 ./Drivers/STM32H7xx_HAL_Driver/stm32h7xx_hal.o
                0x0000000020000280                uwTick
 .bss.hdma2d    0x0000000020000284       0x68 ./Example/User/CM7/main.o
 .bss.CmdCfg    0x00000000200002ec       0x2c ./Example/User/CM7/main.o
                0x00000000200002ec                CmdCfg
 .bss.LPCmd     0x0000000020000318       0x34 ./Example/User/CM7/main.o
                0x0000000020000318                LPCmd
 .bss.dsiPllInit
                0x000000002000034c        0xc ./Example/User/CM7/main.o
                0x000000002000034c                dsiPllInit
 .bss.PeriphClkInitStruct
                0x0000000020000358       0xc8 ./Example/User/CM7/main.o
 .bss.front_buffer
                0x0000000020000420        0x4 ./Example/User/CM7/main.o
 .bss.ImageIndex
                0x0000000020000424        0x4 ./Example/User/CM7/main.o
 .bss.OTM8009AObj.1
                0x0000000020000428       0x20 ./Example/User/CM7/main.o
 .bss.Lcd_CompObj.0
                0x0000000020000448        0x4 ./Example/User/CM7/main.o
 .bss.DrawProp  0x000000002000044c       0x40 ./Utilities/stm32_lcd.o
 .bss.FuncDriver
                0x000000002000048c       0x2c ./Utilities/stm32_lcd.o
 *(COMMON)
                0x00000000200004b8                . = ALIGN (0x4)
                0x00000000200004b8                _ebss = .
                0x00000000200004b8                __bss_end__ = _ebss

._user_heap_stack
                0x00000000200004b8      0x600 load address 0x00000000080a0a44
                0x00000000200004b8                . = ALIGN (0x8)
                [!provide]                        PROVIDE (end = .)
                0x00000000200004b8                PROVIDE (_end = .)
                0x00000000200006b8                . = (. + _Min_Heap_Size)
 *fill*         0x00000000200004b8      0x200 
                0x0000000020000ab8                . = (. + _Min_Stack_Size)
 *fill*         0x00000000200006b8      0x400 
                0x0000000020000ab8                . = ALIGN (0x8)

/DISCARD/
 libc.a(*)
 libm.a(*)
 libgcc.a(*)

.ARM.attributes
                0x0000000000000000       0x2e
 *(.ARM.attributes)
 .ARM.attributes
                0x0000000000000000       0x1e C:/ST/STM32CubeIDE_1.14.0/STM32CubeIDE/plugins/com.st.stm32cube.ide.mcu.externaltools.gnu-tools-for-stm32.11.3.rel1.win32_1.1.100.202309141235/tools/bin/../lib/gcc/arm-none-eabi/11.3.1/thumb/v7e-m+dp/hard/crti.o
 .ARM.attributes
                0x000000000000001e       0x32 C:/ST/STM32CubeIDE_1.14.0/STM32CubeIDE/plugins/com.st.stm32cube.ide.mcu.externaltools.gnu-tools-for-stm32.11.3.rel1.win32_1.1.100.202309141235/tools/bin/../lib/gcc/arm-none-eabi/11.3.1/thumb/v7e-m+dp/hard/crtbegin.o
 .ARM.attributes
                0x0000000000000050       0x32 ./Drivers/BSP/Components/is42s32800j.o
 .ARM.attributes
                0x0000000000000082       0x32 ./Drivers/BSP/Components/otm8009a.o
 .ARM.attributes
                0x00000000000000b4       0x32 ./Drivers/BSP/Components/otm8009a_reg.o
 .ARM.attributes
                0x00000000000000e6       0x32 ./Drivers/BSP/STM32H747I_DISCO/stm32h747i_discovery.o
 .ARM.attributes
                0x0000000000000118       0x32 ./Drivers/BSP/STM32H747I_DISCO/stm32h747i_discovery_bus.o
 .ARM.attributes
                0x000000000000014a       0x32 ./Drivers/BSP/STM32H747I_DISCO/stm32h747i_discovery_lcd.o
 .ARM.attributes
                0x000000000000017c       0x32 ./Drivers/BSP/STM32H747I_DISCO/stm32h747i_discovery_sdram.o
 .ARM.attributes
                0x00000000000001ae       0x32 ./Drivers/CMSIS/system_stm32h7xx.o
 .ARM.attributes
                0x00000000000001e0       0x32 ./Drivers/STM32H7xx_HAL_Driver/stm32h7xx_hal.o
 .ARM.attributes
                0x0000000000000212       0x32 ./Drivers/STM32H7xx_HAL_Driver/stm32h7xx_hal_cortex.o
 .ARM.attributes
                0x0000000000000244       0x32 ./Drivers/STM32H7xx_HAL_Driver/stm32h7xx_hal_dma2d.o
 .ARM.attributes
                0x0000000000000276       0x32 ./Drivers/STM32H7xx_HAL_Driver/stm32h7xx_hal_dsi.o
 .ARM.attributes
                0x00000000000002a8       0x32 ./Drivers/STM32H7xx_HAL_Driver/stm32h7xx_hal_gpio.o
 .ARM.attributes
                0x00000000000002da       0x32 ./Drivers/STM32H7xx_HAL_Driver/stm32h7xx_hal_ltdc.o
 .ARM.attributes
                0x000000000000030c       0x32 ./Drivers/STM32H7xx_HAL_Driver/stm32h7xx_hal_mdma.o
 .ARM.attributes
                0x000000000000033e       0x32 ./Drivers/STM32H7xx_HAL_Driver/stm32h7xx_hal_pwr_ex.o
 .ARM.attributes
                0x0000000000000370       0x32 ./Drivers/STM32H7xx_HAL_Driver/stm32h7xx_hal_rcc.o
 .ARM.attributes
                0x00000000000003a2       0x32 ./Drivers/STM32H7xx_HAL_Driver/stm32h7xx_hal_rcc_ex.o
 .ARM.attributes
                0x00000000000003d4       0x32 ./Drivers/STM32H7xx_HAL_Driver/stm32h7xx_hal_sdram.o
 .ARM.attributes
                0x0000000000000406       0x32 ./Drivers/STM32H7xx_HAL_Driver/stm32h7xx_ll_fmc.o
 .ARM.attributes
                0x0000000000000438       0x32 ./Example/User/CM7/main.o
 .ARM.attributes
                0x000000000000046a       0x32 ./Example/User/CM7/stm32h7xx_it.o
 .ARM.attributes
                0x000000000000049c       0x21 ./Example/User/Startup/startup_stm32h747xihx.o
 .ARM.attributes
                0x00000000000004bd       0x32 ./Utilities/stm32_lcd.o
 .ARM.attributes
                0x00000000000004ef       0x32 C:/ST/STM32CubeIDE_1.14.0/STM32CubeIDE/plugins/com.st.stm32cube.ide.mcu.externaltools.gnu-tools-for-stm32.11.3.rel1.win32_1.1.100.202309141235/tools/bin/../lib/gcc/arm-none-eabi/11.3.1/../../../../arm-none-eabi/lib/thumb/v7e-m+dp/hard\libc_nano.a(libc_a-init.o)
 .ARM.attributes
                0x0000000000000521       0x1e C:/ST/STM32CubeIDE_1.14.0/STM32CubeIDE/plugins/com.st.stm32cube.ide.mcu.externaltools.gnu-tools-for-stm32.11.3.rel1.win32_1.1.100.202309141235/tools/bin/../lib/gcc/arm-none-eabi/11.3.1/thumb/v7e-m+dp/hard/crtn.o
OUTPUT(LCD_DSI_CmdMode_DoubleBuffer_CM7.elf elf32-littlearm)
LOAD linker stubs
LOAD C:/ST/STM32CubeIDE_1.14.0/STM32CubeIDE/plugins/com.st.stm32cube.ide.mcu.externaltools.gnu-tools-for-stm32.11.3.rel1.win32_1.1.100.202309141235/tools/bin/../lib/gcc/arm-none-eabi/11.3.1/../../../../arm-none-eabi/lib/thumb/v7e-m+dp/hard\libc.a
LOAD C:/ST/STM32CubeIDE_1.14.0/STM32CubeIDE/plugins/com.st.stm32cube.ide.mcu.externaltools.gnu-tools-for-stm32.11.3.rel1.win32_1.1.100.202309141235/tools/bin/../lib/gcc/arm-none-eabi/11.3.1/../../../../arm-none-eabi/lib/thumb/v7e-m+dp/hard\libm.a
LOAD C:/ST/STM32CubeIDE_1.14.0/STM32CubeIDE/plugins/com.st.stm32cube.ide.mcu.externaltools.gnu-tools-for-stm32.11.3.rel1.win32_1.1.100.202309141235/tools/bin/../lib/gcc/arm-none-eabi/11.3.1/thumb/v7e-m+dp/hard\libgcc.a

.comment        0x0000000000000000       0x43
 .comment       0x0000000000000000       0x43 C:/ST/STM32CubeIDE_1.14.0/STM32CubeIDE/plugins/com.st.stm32cube.ide.mcu.externaltools.gnu-tools-for-stm32.11.3.rel1.win32_1.1.100.202309141235/tools/bin/../lib/gcc/arm-none-eabi/11.3.1/thumb/v7e-m+dp/hard/crtbegin.o
                                         0x44 (size before relaxing)
 .comment       0x0000000000000043       0x44 ./Drivers/BSP/Components/is42s32800j.o
 .comment       0x0000000000000043       0x44 ./Drivers/BSP/Components/otm8009a.o
 .comment       0x0000000000000043       0x44 ./Drivers/BSP/Components/otm8009a_reg.o
 .comment       0x0000000000000043       0x44 ./Drivers/BSP/STM32H747I_DISCO/stm32h747i_discovery.o
 .comment       0x0000000000000043       0x44 ./Drivers/BSP/STM32H747I_DISCO/stm32h747i_discovery_bus.o
 .comment       0x0000000000000043       0x44 ./Drivers/BSP/STM32H747I_DISCO/stm32h747i_discovery_lcd.o
 .comment       0x0000000000000043       0x44 ./Drivers/BSP/STM32H747I_DISCO/stm32h747i_discovery_sdram.o
 .comment       0x0000000000000043       0x44 ./Drivers/CMSIS/system_stm32h7xx.o
 .comment       0x0000000000000043       0x44 ./Drivers/STM32H7xx_HAL_Driver/stm32h7xx_hal.o
 .comment       0x0000000000000043       0x44 ./Drivers/STM32H7xx_HAL_Driver/stm32h7xx_hal_cortex.o
 .comment       0x0000000000000043       0x44 ./Drivers/STM32H7xx_HAL_Driver/stm32h7xx_hal_dma2d.o
 .comment       0x0000000000000043       0x44 ./Drivers/STM32H7xx_HAL_Driver/stm32h7xx_hal_dsi.o
 .comment       0x0000000000000043       0x44 ./Drivers/STM32H7xx_HAL_Driver/stm32h7xx_hal_gpio.o
 .comment       0x0000000000000043       0x44 ./Drivers/STM32H7xx_HAL_Driver/stm32h7xx_hal_ltdc.o
 .comment       0x0000000000000043       0x44 ./Drivers/STM32H7xx_HAL_Driver/stm32h7xx_hal_mdma.o
 .comment       0x0000000000000043       0x44 ./Drivers/STM32H7xx_HAL_Driver/stm32h7xx_hal_pwr_ex.o
 .comment       0x0000000000000043       0x44 ./Drivers/STM32H7xx_HAL_Driver/stm32h7xx_hal_rcc.o
 .comment       0x0000000000000043       0x44 ./Drivers/STM32H7xx_HAL_Driver/stm32h7xx_hal_rcc_ex.o
 .comment       0x0000000000000043       0x44 ./Drivers/STM32H7xx_HAL_Driver/stm32h7xx_hal_sdram.o
 .comment       0x0000000000000043       0x44 ./Drivers/STM32H7xx_HAL_Driver/stm32h7xx_ll_fmc.o
 .comment       0x0000000000000043       0x44 ./Example/User/CM7/main.o
 .comment       0x0000000000000043       0x44 ./Example/User/CM7/stm32h7xx_it.o
 .comment       0x0000000000000043       0x44 ./Utilities/stm32_lcd.o

.debug_info     0x0000000000000000    0x1d089
 .debug_info    0x0000000000000000      0xa85 ./Drivers/BSP/Components/is42s32800j.o
 .debug_info    0x0000000000000a85      0xf3a ./Drivers/BSP/Components/otm8009a.o
 .debug_info    0x00000000000019bf      0x1e6 ./Drivers/BSP/Components/otm8009a_reg.o
 .debug_info    0x0000000000001ba5     0x1f1d ./Drivers/BSP/STM32H747I_DISCO/stm32h747i_discovery.o
 .debug_info    0x0000000000003ac2     0x1554 ./Drivers/BSP/STM32H747I_DISCO/stm32h747i_discovery_bus.o
 .debug_info    0x0000000000005016     0x44e6 ./Drivers/BSP/STM32H747I_DISCO/stm32h747i_discovery_lcd.o
 .debug_info    0x00000000000094fc     0x13f0 ./Drivers/BSP/STM32H747I_DISCO/stm32h747i_discovery_sdram.o
 .debug_info    0x000000000000a8ec      0xb12 ./Drivers/CMSIS/system_stm32h7xx.o
 .debug_info    0x000000000000b3fe     0x177a ./Drivers/STM32H7xx_HAL_Driver/stm32h7xx_hal.o
 .debug_info    0x000000000000cb78     0x1084 ./Drivers/STM32H7xx_HAL_Driver/stm32h7xx_hal_cortex.o
 .debug_info    0x000000000000dbfc     0x10ba ./Drivers/STM32H7xx_HAL_Driver/stm32h7xx_hal_dma2d.o
 .debug_info    0x000000000000ecb6     0x1b56 ./Drivers/STM32H7xx_HAL_Driver/stm32h7xx_hal_dsi.o
 .debug_info    0x000000000001080c      0xcf7 ./Drivers/STM32H7xx_HAL_Driver/stm32h7xx_hal_gpio.o
 .debug_info    0x0000000000011503     0x1038 ./Drivers/STM32H7xx_HAL_Driver/stm32h7xx_hal_ltdc.o
 .debug_info    0x000000000001253b      0xbbe ./Drivers/STM32H7xx_HAL_Driver/stm32h7xx_hal_mdma.o
 .debug_info    0x00000000000130f9     0x121b ./Drivers/STM32H7xx_HAL_Driver/stm32h7xx_hal_pwr_ex.o
 .debug_info    0x0000000000014314      0xe58 ./Drivers/STM32H7xx_HAL_Driver/stm32h7xx_hal_rcc.o
 .debug_info    0x000000000001516c     0x1300 ./Drivers/STM32H7xx_HAL_Driver/stm32h7xx_hal_rcc_ex.o
 .debug_info    0x000000000001646c     0x104f ./Drivers/STM32H7xx_HAL_Driver/stm32h7xx_hal_sdram.o
 .debug_info    0x00000000000174bb      0xba9 ./Drivers/STM32H7xx_HAL_Driver/stm32h7xx_ll_fmc.o
 .debug_info    0x0000000000018064     0x36c2 ./Example/User/CM7/main.o
 .debug_info    0x000000000001b726      0x719 ./Example/User/CM7/stm32h7xx_it.o
 .debug_info    0x000000000001be3f       0x23 ./Example/User/Startup/startup_stm32h747xihx.o
 .debug_info    0x000000000001be62     0x1227 ./Utilities/stm32_lcd.o

.debug_abbrev   0x0000000000000000     0x3865
 .debug_abbrev  0x0000000000000000      0x225 ./Drivers/BSP/Components/is42s32800j.o
 .debug_abbrev  0x0000000000000225      0x21d ./Drivers/BSP/Components/otm8009a.o
 .debug_abbrev  0x0000000000000442       0xe2 ./Drivers/BSP/Components/otm8009a_reg.o
 .debug_abbrev  0x0000000000000524      0x3c4 ./Drivers/BSP/STM32H747I_DISCO/stm32h747i_discovery.o
 .debug_abbrev  0x00000000000008e8      0x348 ./Drivers/BSP/STM32H747I_DISCO/stm32h747i_discovery_bus.o
 .debug_abbrev  0x0000000000000c30      0x3c5 ./Drivers/BSP/STM32H747I_DISCO/stm32h747i_discovery_lcd.o
 .debug_abbrev  0x0000000000000ff5      0x2d1 ./Drivers/BSP/STM32H747I_DISCO/stm32h747i_discovery_sdram.o
 .debug_abbrev  0x00000000000012c6      0x139 ./Drivers/CMSIS/system_stm32h7xx.o
 .debug_abbrev  0x00000000000013ff      0x295 ./Drivers/STM32H7xx_HAL_Driver/stm32h7xx_hal.o
 .debug_abbrev  0x0000000000001694      0x339 ./Drivers/STM32H7xx_HAL_Driver/stm32h7xx_hal_cortex.o
 .debug_abbrev  0x00000000000019cd      0x225 ./Drivers/STM32H7xx_HAL_Driver/stm32h7xx_hal_dma2d.o
 .debug_abbrev  0x0000000000001bf2      0x25f ./Drivers/STM32H7xx_HAL_Driver/stm32h7xx_hal_dsi.o
 .debug_abbrev  0x0000000000001e51      0x1fe ./Drivers/STM32H7xx_HAL_Driver/stm32h7xx_hal_gpio.o
 .debug_abbrev  0x000000000000204f      0x233 ./Drivers/STM32H7xx_HAL_Driver/stm32h7xx_hal_ltdc.o
 .debug_abbrev  0x0000000000002282      0x1f8 ./Drivers/STM32H7xx_HAL_Driver/stm32h7xx_hal_mdma.o
 .debug_abbrev  0x000000000000247a      0x2d7 ./Drivers/STM32H7xx_HAL_Driver/stm32h7xx_hal_pwr_ex.o
 .debug_abbrev  0x0000000000002751      0x2c8 ./Drivers/STM32H7xx_HAL_Driver/stm32h7xx_hal_rcc.o
 .debug_abbrev  0x0000000000002a19      0x269 ./Drivers/STM32H7xx_HAL_Driver/stm32h7xx_hal_rcc_ex.o
 .debug_abbrev  0x0000000000002c82      0x21b ./Drivers/STM32H7xx_HAL_Driver/stm32h7xx_hal_sdram.o
 .debug_abbrev  0x0000000000002e9d      0x1a5 ./Drivers/STM32H7xx_HAL_Driver/stm32h7xx_ll_fmc.o
 .debug_abbrev  0x0000000000003042      0x44e ./Example/User/CM7/main.o
 .debug_abbrev  0x0000000000003490      0x19d ./Example/User/CM7/stm32h7xx_it.o
 .debug_abbrev  0x000000000000362d       0x12 ./Example/User/Startup/startup_stm32h747xihx.o
 .debug_abbrev  0x000000000000363f      0x226 ./Utilities/stm32_lcd.o

.debug_aranges  0x0000000000000000     0x1438
 .debug_aranges
                0x0000000000000000       0x70 ./Drivers/BSP/Components/is42s32800j.o
 .debug_aranges
                0x0000000000000070       0xd0 ./Drivers/BSP/Components/otm8009a.o
 .debug_aranges
                0x0000000000000140       0x28 ./Drivers/BSP/Components/otm8009a_reg.o
 .debug_aranges
                0x0000000000000168      0x118 ./Drivers/BSP/STM32H747I_DISCO/stm32h747i_discovery.o
 .debug_aranges
                0x0000000000000280       0x98 ./Drivers/BSP/STM32H747I_DISCO/stm32h747i_discovery_bus.o
 .debug_aranges
                0x0000000000000318      0x1a8 ./Drivers/BSP/STM32H747I_DISCO/stm32h747i_discovery_lcd.o
 .debug_aranges
                0x00000000000004c0       0x50 ./Drivers/BSP/STM32H747I_DISCO/stm32h747i_discovery_sdram.o
 .debug_aranges
                0x0000000000000510       0x28 ./Drivers/CMSIS/system_stm32h7xx.o
 .debug_aranges
                0x0000000000000538      0x200 ./Drivers/STM32H7xx_HAL_Driver/stm32h7xx_hal.o
 .debug_aranges
                0x0000000000000738      0x120 ./Drivers/STM32H7xx_HAL_Driver/stm32h7xx_hal_cortex.o
 .debug_aranges
                0x0000000000000858      0x118 ./Drivers/STM32H7xx_HAL_Driver/stm32h7xx_hal_dma2d.o
 .debug_aranges
                0x0000000000000970      0x178 ./Drivers/STM32H7xx_HAL_Driver/stm32h7xx_hal_dsi.o
 .debug_aranges
                0x0000000000000ae8       0x58 ./Drivers/STM32H7xx_HAL_Driver/stm32h7xx_hal_gpio.o
 .debug_aranges
                0x0000000000000b40      0x158 ./Drivers/STM32H7xx_HAL_Driver/stm32h7xx_hal_ltdc.o
 .debug_aranges
                0x0000000000000c98       0xc0 ./Drivers/STM32H7xx_HAL_Driver/stm32h7xx_hal_mdma.o
 .debug_aranges
                0x0000000000000d58      0x170 ./Drivers/STM32H7xx_HAL_Driver/stm32h7xx_hal_pwr_ex.o
 .debug_aranges
                0x0000000000000ec8       0x88 ./Drivers/STM32H7xx_HAL_Driver/stm32h7xx_hal_rcc.o
 .debug_aranges
                0x0000000000000f50      0x100 ./Drivers/STM32H7xx_HAL_Driver/stm32h7xx_hal_rcc_ex.o
 .debug_aranges
                0x0000000000001050       0xe8 ./Drivers/STM32H7xx_HAL_Driver/stm32h7xx_hal_sdram.o
 .debug_aranges
                0x0000000000001138       0xc8 ./Drivers/STM32H7xx_HAL_Driver/stm32h7xx_ll_fmc.o
 .debug_aranges
                0x0000000000001200       0x98 ./Example/User/CM7/main.o
 .debug_aranges
                0x0000000000001298       0x68 ./Example/User/CM7/stm32h7xx_it.o
 .debug_aranges
                0x0000000000001300       0x28 ./Example/User/Startup/startup_stm32h747xihx.o
 .debug_aranges
                0x0000000000001328      0x110 ./Utilities/stm32_lcd.o

.debug_rnglists
                0x0000000000000000      0xf7e
 .debug_rnglists
                0x0000000000000000       0x4f ./Drivers/BSP/Components/is42s32800j.o
 .debug_rnglists
                0x000000000000004f       0x99 ./Drivers/BSP/Components/otm8009a.o
 .debug_rnglists
                0x00000000000000e8       0x19 ./Drivers/BSP/Components/otm8009a_reg.o
 .debug_rnglists
                0x0000000000000101       0xd2 ./Drivers/BSP/STM32H747I_DISCO/stm32h747i_discovery.o
 .debug_rnglists
                0x00000000000001d3       0x90 ./Drivers/BSP/STM32H747I_DISCO/stm32h747i_discovery_bus.o
 .debug_rnglists
                0x0000000000000263      0x150 ./Drivers/BSP/STM32H747I_DISCO/stm32h747i_discovery_lcd.o
 .debug_rnglists
                0x00000000000003b3       0x3a ./Drivers/BSP/STM32H747I_DISCO/stm32h747i_discovery_sdram.o
 .debug_rnglists
                0x00000000000003ed       0x1b ./Drivers/CMSIS/system_stm32h7xx.o
 .debug_rnglists
                0x0000000000000408      0x180 ./Drivers/STM32H7xx_HAL_Driver/stm32h7xx_hal.o
 .debug_rnglists
                0x0000000000000588       0xd4 ./Drivers/STM32H7xx_HAL_Driver/stm32h7xx_hal_cortex.o
 .debug_rnglists
                0x000000000000065c       0xde ./Drivers/STM32H7xx_HAL_Driver/stm32h7xx_hal_dma2d.o
 .debug_rnglists
                0x000000000000073a      0x128 ./Drivers/STM32H7xx_HAL_Driver/stm32h7xx_hal_dsi.o
 .debug_rnglists
                0x0000000000000862       0x3f ./Drivers/STM32H7xx_HAL_Driver/stm32h7xx_hal_gpio.o
 .debug_rnglists
                0x00000000000008a1      0x10a ./Drivers/STM32H7xx_HAL_Driver/stm32h7xx_hal_ltdc.o
 .debug_rnglists
                0x00000000000009ab       0x9c ./Drivers/STM32H7xx_HAL_Driver/stm32h7xx_hal_mdma.o
 .debug_rnglists
                0x0000000000000a47      0x117 ./Drivers/STM32H7xx_HAL_Driver/stm32h7xx_hal_pwr_ex.o
 .debug_rnglists
                0x0000000000000b5e       0x68 ./Drivers/STM32H7xx_HAL_Driver/stm32h7xx_hal_rcc.o
 .debug_rnglists
                0x0000000000000bc6       0xc6 ./Drivers/STM32H7xx_HAL_Driver/stm32h7xx_hal_rcc_ex.o
 .debug_rnglists
                0x0000000000000c8c       0xb1 ./Drivers/STM32H7xx_HAL_Driver/stm32h7xx_hal_sdram.o
 .debug_rnglists
                0x0000000000000d3d       0x95 ./Drivers/STM32H7xx_HAL_Driver/stm32h7xx_ll_fmc.o
 .debug_rnglists
                0x0000000000000dd2       0x77 ./Example/User/CM7/main.o
 .debug_rnglists
                0x0000000000000e49       0x49 ./Example/User/CM7/stm32h7xx_it.o
 .debug_rnglists
                0x0000000000000e92       0x19 ./Example/User/Startup/startup_stm32h747xihx.o
 .debug_rnglists
                0x0000000000000eab       0xd3 ./Utilities/stm32_lcd.o

.debug_macro    0x0000000000000000    0x43b07
 .debug_macro   0x0000000000000000      0x322 ./Drivers/BSP/Components/is42s32800j.o
 .debug_macro   0x0000000000000322      0xacc ./Drivers/BSP/Components/is42s32800j.o
 .debug_macro   0x0000000000000dee       0xf0 ./Drivers/BSP/Components/is42s32800j.o
 .debug_macro   0x0000000000000ede       0x2e ./Drivers/BSP/Components/is42s32800j.o
 .debug_macro   0x0000000000000f0c       0x49 ./Drivers/BSP/Components/is42s32800j.o
 .debug_macro   0x0000000000000f55       0x22 ./Drivers/BSP/Components/is42s32800j.o
 .debug_macro   0x0000000000000f77       0x8e ./Drivers/BSP/Components/is42s32800j.o
 .debug_macro   0x0000000000001005       0x51 ./Drivers/BSP/Components/is42s32800j.o
 .debug_macro   0x0000000000001056      0x103 ./Drivers/BSP/Components/is42s32800j.o
 .debug_macro   0x0000000000001159       0x6a ./Drivers/BSP/Components/is42s32800j.o
 .debug_macro   0x00000000000011c3      0x1df ./Drivers/BSP/Components/is42s32800j.o
 .debug_macro   0x00000000000013a2       0x1c ./Drivers/BSP/Components/is42s32800j.o
 .debug_macro   0x00000000000013be       0x22 ./Drivers/BSP/Components/is42s32800j.o
 .debug_macro   0x00000000000013e0       0xfb ./Drivers/BSP/Components/is42s32800j.o
 .debug_macro   0x00000000000014db     0x1305 ./Drivers/BSP/Components/is42s32800j.o
 .debug_macro   0x00000000000027e0      0x11f ./Drivers/BSP/Components/is42s32800j.o
 .debug_macro   0x00000000000028ff       0x27 ./Drivers/BSP/Components/is42s32800j.o
 .debug_macro   0x0000000000002926    0x2c71e ./Drivers/BSP/Components/is42s32800j.o
 .debug_macro   0x000000000002f044       0x6d ./Drivers/BSP/Components/is42s32800j.o
 .debug_macro   0x000000000002f0b1     0x3d5d ./Drivers/BSP/Components/is42s32800j.o
 .debug_macro   0x0000000000032e0e      0x174 ./Drivers/BSP/Components/is42s32800j.o
 .debug_macro   0x0000000000032f82       0x61 ./Drivers/BSP/Components/is42s32800j.o
 .debug_macro   0x0000000000032fe3       0x29 ./Drivers/BSP/Components/is42s32800j.o
 .debug_macro   0x000000000003300c       0x43 ./Drivers/BSP/Components/is42s32800j.o
 .debug_macro   0x000000000003304f       0x34 ./Drivers/BSP/Components/is42s32800j.o
 .debug_macro   0x0000000000033083       0x16 ./Drivers/BSP/Components/is42s32800j.o
 .debug_macro   0x0000000000033099       0x43 ./Drivers/BSP/Components/is42s32800j.o
 .debug_macro   0x00000000000330dc       0x34 ./Drivers/BSP/Components/is42s32800j.o
 .debug_macro   0x0000000000033110       0x10 ./Drivers/BSP/Components/is42s32800j.o
 .debug_macro   0x0000000000033120       0x58 ./Drivers/BSP/Components/is42s32800j.o
 .debug_macro   0x0000000000033178       0x8e ./Drivers/BSP/Components/is42s32800j.o
 .debug_macro   0x0000000000033206       0x1c ./Drivers/BSP/Components/is42s32800j.o
 .debug_macro   0x0000000000033222      0x177 ./Drivers/BSP/Components/is42s32800j.o
 .debug_macro   0x0000000000033399      0x369 ./Drivers/BSP/Components/is42s32800j.o
 .debug_macro   0x0000000000033702      0x19b ./Drivers/BSP/Components/is42s32800j.o
 .debug_macro   0x000000000003389d       0x5d ./Drivers/BSP/Components/is42s32800j.o
 .debug_macro   0x00000000000338fa     0x3ae3 ./Drivers/BSP/Components/is42s32800j.o
 .debug_macro   0x00000000000373dd     0x1095 ./Drivers/BSP/Components/is42s32800j.o
 .debug_macro   0x0000000000038472      0x154 ./Drivers/BSP/Components/is42s32800j.o
 .debug_macro   0x00000000000385c6      0x130 ./Drivers/BSP/Components/is42s32800j.o
 .debug_macro   0x00000000000386f6      0x3c5 ./Drivers/BSP/Components/is42s32800j.o
 .debug_macro   0x0000000000038abb       0xac ./Drivers/BSP/Components/is42s32800j.o
 .debug_macro   0x0000000000038b67      0x72d ./Drivers/BSP/Components/is42s32800j.o
 .debug_macro   0x0000000000039294      0x228 ./Drivers/BSP/Components/is42s32800j.o
 .debug_macro   0x00000000000394bc       0x66 ./Drivers/BSP/Components/is42s32800j.o
 .debug_macro   0x0000000000039522      0x3c9 ./Drivers/BSP/Components/is42s32800j.o
 .debug_macro   0x00000000000398eb      0x28d ./Drivers/BSP/Components/is42s32800j.o
 .debug_macro   0x0000000000039b78      0x6fc ./Drivers/BSP/Components/is42s32800j.o
 .debug_macro   0x000000000003a274      0x407 ./Drivers/BSP/Components/is42s32800j.o
 .debug_macro   0x000000000003a67b      0x27c ./Drivers/BSP/Components/is42s32800j.o
 .debug_macro   0x000000000003a8f7     0x1044 ./Drivers/BSP/Components/is42s32800j.o
 .debug_macro   0x000000000003b93b      0x6cc ./Drivers/BSP/Components/is42s32800j.o
 .debug_macro   0x000000000003c007      0x36e ./Drivers/BSP/Components/is42s32800j.o
 .debug_macro   0x000000000003c375      0x3ca ./Drivers/BSP/Components/is42s32800j.o
 .debug_macro   0x000000000003c73f      0x4a2 ./Drivers/BSP/Components/is42s32800j.o
 .debug_macro   0x000000000003cbe1       0x51 ./Drivers/BSP/Components/is42s32800j.o
 .debug_macro   0x000000000003cc32       0x4a ./Drivers/BSP/Components/is42s32800j.o
 .debug_macro   0x000000000003cc7c      0x22c ./Drivers/BSP/Components/is42s32800j.o
 .debug_macro   0x000000000003cea8       0x67 ./Drivers/BSP/Components/is42s32800j.o
 .debug_macro   0x000000000003cf0f       0xa5 ./Drivers/BSP/Components/is42s32800j.o
 .debug_macro   0x000000000003cfb4      0x198 ./Drivers/BSP/Components/is42s32800j.o
 .debug_macro   0x000000000003d14c       0xd6 ./Drivers/BSP/Components/is42s32800j.o
 .debug_macro   0x000000000003d222      0x218 ./Drivers/BSP/Components/is42s32800j.o
 .debug_macro   0x000000000003d43a      0x2ea ./Drivers/BSP/Components/is42s32800j.o
 .debug_macro   0x000000000003d724       0x35 ./Drivers/BSP/Components/is42s32800j.o
 .debug_macro   0x000000000003d759      0x512 ./Drivers/BSP/Components/is42s32800j.o
 .debug_macro   0x000000000003dc6b      0x693 ./Drivers/BSP/Components/is42s32800j.o
 .debug_macro   0x000000000003e2fe       0xa6 ./Drivers/BSP/Components/is42s32800j.o
 .debug_macro   0x000000000003e3a4      0x798 ./Drivers/BSP/Components/is42s32800j.o
 .debug_macro   0x000000000003eb3c       0x10 ./Drivers/BSP/Components/is42s32800j.o
 .debug_macro   0x000000000003eb4c       0x7c ./Drivers/BSP/Components/is42s32800j.o
 .debug_macro   0x000000000003ebc8       0x9d ./Drivers/BSP/Components/otm8009a.o
 .debug_macro   0x000000000003ec65       0xe2 ./Drivers/BSP/Components/otm8009a.o
 .debug_macro   0x000000000003ed47       0xa6 ./Drivers/BSP/Components/otm8009a.o
 .debug_macro   0x000000000003eded       0x85 ./Drivers/BSP/Components/otm8009a_reg.o
 .debug_macro   0x000000000003ee72      0x32b ./Drivers/BSP/STM32H747I_DISCO/stm32h747i_discovery.o
 .debug_macro   0x000000000003f19d       0xb2 ./Drivers/BSP/STM32H747I_DISCO/stm32h747i_discovery.o
 .debug_macro   0x000000000003f24f       0xa0 ./Drivers/BSP/STM32H747I_DISCO/stm32h747i_discovery.o
 .debug_macro   0x000000000003f2ef      0x1f5 ./Drivers/BSP/STM32H747I_DISCO/stm32h747i_discovery.o
 .debug_macro   0x000000000003f4e4      0x37f ./Drivers/BSP/STM32H747I_DISCO/stm32h747i_discovery_bus.o
 .debug_macro   0x000000000003f863       0x64 ./Drivers/BSP/STM32H747I_DISCO/stm32h747i_discovery_bus.o
 .debug_macro   0x000000000003f8c7      0x3c1 ./Drivers/BSP/STM32H747I_DISCO/stm32h747i_discovery_lcd.o
 .debug_macro   0x000000000003fc88       0x3a ./Drivers/BSP/STM32H747I_DISCO/stm32h747i_discovery_lcd.o
 .debug_macro   0x000000000003fcc2       0xe8 ./Drivers/BSP/STM32H747I_DISCO/stm32h747i_discovery_lcd.o
 .debug_macro   0x000000000003fdaa       0x8e ./Drivers/BSP/STM32H747I_DISCO/stm32h747i_discovery_lcd.o
 .debug_macro   0x000000000003fe38       0xa5 ./Drivers/BSP/STM32H747I_DISCO/stm32h747i_discovery_lcd.o
 .debug_macro   0x000000000003fedd      0x28a ./Drivers/BSP/STM32H747I_DISCO/stm32h747i_discovery_lcd.o
 .debug_macro   0x0000000000040167       0x6a ./Drivers/BSP/STM32H747I_DISCO/stm32h747i_discovery_lcd.o
 .debug_macro   0x00000000000401d1       0x16 ./Drivers/BSP/STM32H747I_DISCO/stm32h747i_discovery_lcd.o
 .debug_macro   0x00000000000401e7       0x34 ./Drivers/BSP/STM32H747I_DISCO/stm32h747i_discovery_lcd.o
 .debug_macro   0x000000000004021b      0x343 ./Drivers/BSP/STM32H747I_DISCO/stm32h747i_discovery_sdram.o
 .debug_macro   0x000000000004055e      0x30a ./Drivers/CMSIS/system_stm32h7xx.o
 .debug_macro   0x0000000000040868      0x32e ./Drivers/STM32H7xx_HAL_Driver/stm32h7xx_hal.o
 .debug_macro   0x0000000000040b96      0x304 ./Drivers/STM32H7xx_HAL_Driver/stm32h7xx_hal_cortex.o
 .debug_macro   0x0000000000040e9a      0x313 ./Drivers/STM32H7xx_HAL_Driver/stm32h7xx_hal_dma2d.o
 .debug_macro   0x00000000000411ad      0x352 ./Drivers/STM32H7xx_HAL_Driver/stm32h7xx_hal_dsi.o
 .debug_macro   0x00000000000414ff      0x318 ./Drivers/STM32H7xx_HAL_Driver/stm32h7xx_hal_gpio.o
 .debug_macro   0x0000000000041817      0x30c ./Drivers/STM32H7xx_HAL_Driver/stm32h7xx_hal_ltdc.o
 .debug_macro   0x0000000000041b23      0x313 ./Drivers/STM32H7xx_HAL_Driver/stm32h7xx_hal_mdma.o
 .debug_macro   0x0000000000041e36      0x33d ./Drivers/STM32H7xx_HAL_Driver/stm32h7xx_hal_pwr_ex.o
 .debug_macro   0x0000000000042173      0x328 ./Drivers/STM32H7xx_HAL_Driver/stm32h7xx_hal_rcc.o
 .debug_macro   0x000000000004249b      0x322 ./Drivers/STM32H7xx_HAL_Driver/stm32h7xx_hal_rcc_ex.o
 .debug_macro   0x00000000000427bd      0x304 ./Drivers/STM32H7xx_HAL_Driver/stm32h7xx_hal_sdram.o
 .debug_macro   0x0000000000042ac1      0x32e ./Drivers/STM32H7xx_HAL_Driver/stm32h7xx_ll_fmc.o
 .debug_macro   0x0000000000042def      0x49e ./Example/User/CM7/main.o
 .debug_macro   0x000000000004328d       0xb8 ./Example/User/CM7/main.o
 .debug_macro   0x0000000000043345       0xee ./Example/User/CM7/main.o
 .debug_macro   0x0000000000043433       0x16 ./Example/User/CM7/main.o
 .debug_macro   0x0000000000043449       0x35 ./Example/User/CM7/main.o
 .debug_macro   0x000000000004347e       0x20 ./Example/User/CM7/main.o
 .debug_macro   0x000000000004349e       0x1c ./Example/User/CM7/main.o
 .debug_macro   0x00000000000434ba       0x10 ./Example/User/CM7/main.o
 .debug_macro   0x00000000000434ca       0x1c ./Example/User/CM7/main.o
 .debug_macro   0x00000000000434e6       0x16 ./Example/User/CM7/main.o
 .debug_macro   0x00000000000434fc      0x147 ./Example/User/CM7/main.o
 .debug_macro   0x0000000000043643      0x3fa ./Example/User/CM7/stm32h7xx_it.o
 .debug_macro   0x0000000000043a3d       0xca ./Utilities/stm32_lcd.o

.debug_line     0x0000000000000000    0x1aa13
 .debug_line    0x0000000000000000      0xc02 ./Drivers/BSP/Components/is42s32800j.o
 .debug_line    0x0000000000000c02      0xa9a ./Drivers/BSP/Components/otm8009a.o
 .debug_line    0x000000000000169c      0x4ea ./Drivers/BSP/Components/otm8009a_reg.o
 .debug_line    0x0000000000001b86      0xfef ./Drivers/BSP/STM32H747I_DISCO/stm32h747i_discovery.o
 .debug_line    0x0000000000002b75      0xf75 ./Drivers/BSP/STM32H747I_DISCO/stm32h747i_discovery_bus.o
 .debug_line    0x0000000000003aea     0x1b9f ./Drivers/BSP/STM32H747I_DISCO/stm32h747i_discovery_lcd.o
 .debug_line    0x0000000000005689      0xc93 ./Drivers/BSP/STM32H747I_DISCO/stm32h747i_discovery_sdram.o
 .debug_line    0x000000000000631c      0xbff ./Drivers/CMSIS/system_stm32h7xx.o
 .debug_line    0x0000000000006f1b     0x1128 ./Drivers/STM32H7xx_HAL_Driver/stm32h7xx_hal.o
 .debug_line    0x0000000000008043      0xfde ./Drivers/STM32H7xx_HAL_Driver/stm32h7xx_hal_cortex.o
 .debug_line    0x0000000000009021     0x1517 ./Drivers/STM32H7xx_HAL_Driver/stm32h7xx_hal_dma2d.o
 .debug_line    0x000000000000a538     0x2e79 ./Drivers/STM32H7xx_HAL_Driver/stm32h7xx_hal_dsi.o
 .debug_line    0x000000000000d3b1      0xe8f ./Drivers/STM32H7xx_HAL_Driver/stm32h7xx_hal_gpio.o
 .debug_line    0x000000000000e240     0x1a3b ./Drivers/STM32H7xx_HAL_Driver/stm32h7xx_hal_ltdc.o
 .debug_line    0x000000000000fc7b     0x1643 ./Drivers/STM32H7xx_HAL_Driver/stm32h7xx_hal_mdma.o
 .debug_line    0x00000000000112be     0x11f9 ./Drivers/STM32H7xx_HAL_Driver/stm32h7xx_hal_pwr_ex.o
 .debug_line    0x00000000000124b7     0x159c ./Drivers/STM32H7xx_HAL_Driver/stm32h7xx_hal_rcc.o
 .debug_line    0x0000000000013a53     0x1ed7 ./Drivers/STM32H7xx_HAL_Driver/stm32h7xx_hal_rcc_ex.o
 .debug_line    0x000000000001592a     0x1109 ./Drivers/STM32H7xx_HAL_Driver/stm32h7xx_hal_sdram.o
 .debug_line    0x0000000000016a33      0xd9d ./Drivers/STM32H7xx_HAL_Driver/stm32h7xx_ll_fmc.o
 .debug_line    0x00000000000177d0     0x1348 ./Example/User/CM7/main.o
 .debug_line    0x0000000000018b18      0xe98 ./Example/User/CM7/stm32h7xx_it.o
 .debug_line    0x00000000000199b0       0x7a ./Example/User/Startup/startup_stm32h747xihx.o
 .debug_line    0x0000000000019a2a      0xfe9 ./Utilities/stm32_lcd.o

.debug_str      0x0000000000000000   0x1b9000
 .debug_str     0x0000000000000000   0x1aba2d ./Drivers/BSP/Components/is42s32800j.o
                                     0x1ac17a (size before relaxing)
 .debug_str     0x00000000001aba2d      0xc93 ./Drivers/BSP/Components/otm8009a.o
                                       0x574c (size before relaxing)
 .debug_str     0x00000000001ac6c0       0x78 ./Drivers/BSP/Components/otm8009a_reg.o
                                       0x4b3a (size before relaxing)
 .debug_str     0x00000000001ac738     0x27b1 ./Drivers/BSP/STM32H747I_DISCO/stm32h747i_discovery.o
                                     0x1adf91 (size before relaxing)
 .debug_str     0x00000000001aeee9      0xa2e ./Drivers/BSP/STM32H747I_DISCO/stm32h747i_discovery_bus.o
                                     0x1acd21 (size before relaxing)
 .debug_str     0x00000000001af917     0x398c ./Drivers/BSP/STM32H747I_DISCO/stm32h747i_discovery_lcd.o
                                     0x1b1402 (size before relaxing)
 .debug_str     0x00000000001b32a3      0x126 ./Drivers/BSP/STM32H747I_DISCO/stm32h747i_discovery_sdram.o
                                     0x1ad3f5 (size before relaxing)
 .debug_str     0x00000000001b33c9      0x2df ./Drivers/CMSIS/system_stm32h7xx.o
                                     0x1abb0d (size before relaxing)
 .debug_str     0x00000000001b36a8      0xa01 ./Drivers/STM32H7xx_HAL_Driver/stm32h7xx_hal.o
                                     0x1accab (size before relaxing)
 .debug_str     0x00000000001b40a9      0x35b ./Drivers/STM32H7xx_HAL_Driver/stm32h7xx_hal_cortex.o
                                     0x1ac4da (size before relaxing)
 .debug_str     0x00000000001b4404      0x3a5 ./Drivers/STM32H7xx_HAL_Driver/stm32h7xx_hal_dma2d.o
                                     0x1abf0e (size before relaxing)
 .debug_str     0x00000000001b47a9      0x99b ./Drivers/STM32H7xx_HAL_Driver/stm32h7xx_hal_dsi.o
                                     0x1ac8a9 (size before relaxing)
 .debug_str     0x00000000001b5144      0x136 ./Drivers/STM32H7xx_HAL_Driver/stm32h7xx_hal_gpio.o
                                     0x1abba3 (size before relaxing)
 .debug_str     0x00000000001b527a      0x2d4 ./Drivers/STM32H7xx_HAL_Driver/stm32h7xx_hal_ltdc.o
                                     0x1abe43 (size before relaxing)
 .debug_str     0x00000000001b554e      0x4e4 ./Drivers/STM32H7xx_HAL_Driver/stm32h7xx_hal_mdma.o
                                     0x1abeaa (size before relaxing)
 .debug_str     0x00000000001b5a32      0x6ea ./Drivers/STM32H7xx_HAL_Driver/stm32h7xx_hal_pwr_ex.o
                                     0x1ac0ae (size before relaxing)
 .debug_str     0x00000000001b611c      0x52a ./Drivers/STM32H7xx_HAL_Driver/stm32h7xx_hal_rcc.o
                                     0x1abf24 (size before relaxing)
 .debug_str     0x00000000001b6646      0x69e ./Drivers/STM32H7xx_HAL_Driver/stm32h7xx_hal_rcc_ex.o
                                     0x1ac46b (size before relaxing)
 .debug_str     0x00000000001b6ce4      0x3a4 ./Drivers/STM32H7xx_HAL_Driver/stm32h7xx_hal_sdram.o
                                     0x1abffb (size before relaxing)
 .debug_str     0x00000000001b7088      0x781 ./Drivers/STM32H7xx_HAL_Driver/stm32h7xx_ll_fmc.o
                                     0x1ac0ab (size before relaxing)
 .debug_str     0x00000000001b7809     0x1043 ./Example/User/CM7/main.o
                                     0x1b2a6c (size before relaxing)
 .debug_str     0x00000000001b884c      0x13d ./Example/User/CM7/stm32h7xx_it.o
                                     0x1b006a (size before relaxing)
 .debug_str     0x00000000001b8989       0x3c ./Example/User/Startup/startup_stm32h747xihx.o
                                         0xd7 (size before relaxing)
 .debug_str     0x00000000001b89c5      0x63b ./Utilities/stm32_lcd.o
                                       0x5041 (size before relaxing)

.debug_frame    0x0000000000000000     0x5454
 .debug_frame   0x0000000000000000      0x19c ./Drivers/BSP/Components/is42s32800j.o
 .debug_frame   0x000000000000019c      0x390 ./Drivers/BSP/Components/otm8009a.o
 .debug_frame   0x000000000000052c       0x60 ./Drivers/BSP/Components/otm8009a_reg.o
 .debug_frame   0x000000000000058c      0x460 ./Drivers/BSP/STM32H747I_DISCO/stm32h747i_discovery.o
 .debug_frame   0x00000000000009ec      0x250 ./Drivers/BSP/STM32H747I_DISCO/stm32h747i_discovery_bus.o
 .debug_frame   0x0000000000000c3c      0x768 ./Drivers/BSP/STM32H747I_DISCO/stm32h747i_discovery_lcd.o
 .debug_frame   0x00000000000013a4      0x10c ./Drivers/BSP/STM32H747I_DISCO/stm32h747i_discovery_sdram.o
 .debug_frame   0x00000000000014b0       0x58 ./Drivers/CMSIS/system_stm32h7xx.o
 .debug_frame   0x0000000000001508      0x848 ./Drivers/STM32H7xx_HAL_Driver/stm32h7xx_hal.o
 .debug_frame   0x0000000000001d50      0x4b8 ./Drivers/STM32H7xx_HAL_Driver/stm32h7xx_hal_cortex.o
 .debug_frame   0x0000000000002208      0x4e8 ./Drivers/STM32H7xx_HAL_Driver/stm32h7xx_hal_dma2d.o
 .debug_frame   0x00000000000026f0      0x6dc ./Drivers/STM32H7xx_HAL_Driver/stm32h7xx_hal_dsi.o
 .debug_frame   0x0000000000002dcc      0x14c ./Drivers/STM32H7xx_HAL_Driver/stm32h7xx_hal_gpio.o
 .debug_frame   0x0000000000002f18      0x61c ./Drivers/STM32H7xx_HAL_Driver/stm32h7xx_hal_ltdc.o
 .debug_frame   0x0000000000003534      0x34c ./Drivers/STM32H7xx_HAL_Driver/stm32h7xx_hal_mdma.o
 .debug_frame   0x0000000000003880      0x5ec ./Drivers/STM32H7xx_HAL_Driver/stm32h7xx_hal_pwr_ex.o
 .debug_frame   0x0000000000003e6c      0x1f8 ./Drivers/STM32H7xx_HAL_Driver/stm32h7xx_hal_rcc.o
 .debug_frame   0x0000000000004064      0x43c ./Drivers/STM32H7xx_HAL_Driver/stm32h7xx_hal_rcc_ex.o
 .debug_frame   0x00000000000044a0      0x3f0 ./Drivers/STM32H7xx_HAL_Driver/stm32h7xx_hal_sdram.o
 .debug_frame   0x0000000000004890      0x37c ./Drivers/STM32H7xx_HAL_Driver/stm32h7xx_ll_fmc.o
 .debug_frame   0x0000000000004c0c      0x254 ./Example/User/CM7/main.o
 .debug_frame   0x0000000000004e60      0x128 ./Example/User/CM7/stm32h7xx_it.o
 .debug_frame   0x0000000000004f88      0x4a0 ./Utilities/stm32_lcd.o
 .debug_frame   0x0000000000005428       0x2c C:/ST/STM32CubeIDE_1.14.0/STM32CubeIDE/plugins/com.st.stm32cube.ide.mcu.externaltools.gnu-tools-for-stm32.11.3.rel1.win32_1.1.100.202309141235/tools/bin/../lib/gcc/arm-none-eabi/11.3.1/../../../../arm-none-eabi/lib/thumb/v7e-m+dp/hard\libc_nano.a(libc_a-init.o)

.debug_line_str
                0x0000000000000000       0xcb
 .debug_line_str
                0x0000000000000000       0xcb ./Example/User/Startup/startup_stm32h747xihx.o
                                         0xe3 (size before relaxing)